Archive member included because of file (symbol)

/Users/Ricky/Pebble/tertiary_text/lib/libpebble.a(tmpE96Sgtpebble_os.o)
                              src/tertiary_text.c.1.o (app_event_loop)
/Users/Ricky/pebble-dev/arm-cs-tools/bin/../lib/gcc/arm-none-eabi/4.6.3/../../../../arm-none-eabi/lib/thumb2/libc.a(lib_a-memset.o)
                              src/tertiary_text.c.1.o (memset)

Allocating common symbols
Common symbol       size              file

buttons2            0xa8              src/tertiary_text.c.1.o
text_buffer         0x28              src/tertiary_text.c.1.o
top                 0x4               src/tertiary_text.c.1.o
textLayer           0x38              src/tertiary_text.c.1.o
end                 0x4               src/tertiary_text.c.1.o
buttons3            0xa8              src/tertiary_text.c.1.o
size                0x4               src/tertiary_text.c.1.o
buttons1            0xa8              src/tertiary_text.c.1.o
window              0x58              src/tertiary_text.c.1.o

Memory Configuration

Name             Origin             Length             Attributes
APP              0x0000000000000000 0x0000000000006000 xrw
*default*        0x0000000000000000 0xffffffffffffffff

Linker script and memory map

LOAD /Users/Ricky/pebble-dev/arm-cs-tools/bin/../lib/gcc/arm-none-eabi/4.6.3/thumb2/crti.o
LOAD /Users/Ricky/pebble-dev/arm-cs-tools/bin/../lib/gcc/arm-none-eabi/4.6.3/thumb2/crtbegin.o
LOAD src/tertiary_text.c.1.o
LOAD /Users/Ricky/Pebble/tertiary_text/lib/libpebble.a
START GROUP
LOAD /Users/Ricky/pebble-dev/arm-cs-tools/bin/../lib/gcc/arm-none-eabi/4.6.3/thumb2/libgcc.a
LOAD /Users/Ricky/pebble-dev/arm-cs-tools/bin/../lib/gcc/arm-none-eabi/4.6.3/../../../../arm-none-eabi/lib/thumb2/libc.a
END GROUP
LOAD /Users/Ricky/pebble-dev/arm-cs-tools/bin/../lib/gcc/arm-none-eabi/4.6.3/thumb2/crtend.o
LOAD /Users/Ricky/pebble-dev/arm-cs-tools/bin/../lib/gcc/arm-none-eabi/4.6.3/thumb2/crtn.o

.header         0x0000000000000000       0x7c
 *(.pbl_header)
 .pbl_header    0x0000000000000000       0x7c src/tertiary_text.c.1.o
                0x0000000000000000                __pbl_app_info

.text           0x000000000000007c     0x1948
 *(.text)
 .text          0x000000000000007c        0x0 /Users/Ricky/pebble-dev/arm-cs-tools/bin/../lib/gcc/arm-none-eabi/4.6.3/thumb2/crti.o
 .text          0x000000000000007c       0x68 /Users/Ricky/pebble-dev/arm-cs-tools/bin/../lib/gcc/arm-none-eabi/4.6.3/thumb2/crtbegin.o
 .text          0x00000000000000e4      0xd54 src/tertiary_text.c.1.o
                0x00000000000000e4                change_set
                0x00000000000001b8                next
                0x00000000000001f4                up_long_release_handler
                0x0000000000000208                select_long_release_handler
                0x000000000000021c                down_long_release_handler
                0x0000000000000230                up_single_click_handler
                0x0000000000000324                select_single_click_handler
                0x0000000000000424                down_single_click_handler
                0x0000000000000510                select_long_click_handler
                0x0000000000000594                down_long_click_handler
                0x0000000000000628                set_menu
                0x0000000000000640                up_long_click_handler
                0x0000000000000680                click_config_provider
                0x0000000000000760                drawMenu
                0x0000000000000890                drawSides
                0x0000000000000bf8                initSides
                0x0000000000000d20                handle_init
                0x0000000000000df0                pbl_main
 .text          0x0000000000000e38      0xb8c /Users/Ricky/Pebble/tertiary_text/lib/libpebble.a(tmpE96Sgtpebble_os.o)
                0x0000000000000e38                animation_init
                0x0000000000000e44                animation_set_delay
                0x0000000000000e50                animation_set_duration
                0x0000000000000e5c                animation_set_curve
                0x0000000000000e68                animation_set_handlers
                0x0000000000000e74                animation_set_implementation
                0x0000000000000e80                animation_get_context
                0x0000000000000e8c                animation_schedule
                0x0000000000000e98                animation_unschedule
                0x0000000000000ea4                animation_unschedule_all
                0x0000000000000eb0                animation_is_scheduled
                0x0000000000000ebc                app_timer_send_event
                0x0000000000000ec8                app_timer_cancel_event
                0x0000000000000ed4                app_event_loop
                0x0000000000000ee0                bmp_init_container
                0x0000000000000eec                bmp_deinit_container
                0x0000000000000ef8                cos_lookup
                0x0000000000000f04                fonts_get_system_font
                0x0000000000000f10                fonts_load_custom_font
                0x0000000000000f1c                fonts_unload_custom_font
                0x0000000000000f28                graphics_context_set_stroke_color
                0x0000000000000f34                graphics_context_set_fill_color
                0x0000000000000f40                graphics_context_set_text_color
                0x0000000000000f4c                graphics_context_set_compositing_mode
                0x0000000000000f58                graphics_draw_pixel
                0x0000000000000f64                graphics_draw_line
                0x0000000000000f70                graphics_fill_rect
                0x0000000000000f7c                graphics_draw_circle
                0x0000000000000f88                graphics_fill_circle
                0x0000000000000f94                graphics_draw_round_rect
                0x0000000000000fa0                get_time
                0x0000000000000fac                gpath_init
                0x0000000000000fb8                gpath_move_to
                0x0000000000000fc4                gpath_rotate_to
                0x0000000000000fd0                gpath_draw_outline
                0x0000000000000fdc                gpath_draw_filled
                0x0000000000000fe8                grect_center_point
                0x0000000000000ff4                layer_mark_dirty
                0x0000000000001000                layer_remove_from_parent
                0x000000000000100c                layer_add_child
                0x0000000000001018                layer_get_frame
                0x0000000000001024                layer_set_frame
                0x0000000000001030                layer_set_hidden
                0x000000000000103c                layer_init
                0x0000000000001048                light_enable
                0x0000000000001054                light_enable_interaction
                0x0000000000001060                psleep
                0x000000000000106c                resource_init_current_app
                0x0000000000001078                resource_get_handle
                0x0000000000001084                resource_load
                0x0000000000001090                resource_load_byte_range
                0x000000000000109c                resource_size
                0x00000000000010a8                rotbmp_deinit_container
                0x00000000000010b4                rotbmp_init_container
                0x00000000000010c0                rotbmp_pair_deinit_container
                0x00000000000010cc                rotbmp_pair_init_container
                0x00000000000010d8                rotbmp_pair_layer_set_src_ic
                0x00000000000010e4                rotbmp_pair_layer_set_angle
                0x00000000000010f0                window_init
                0x00000000000010fc                window_stack_push
                0x0000000000001108                window_set_click_config_provider
                0x0000000000001114                window_set_background_color
                0x0000000000001120                window_render
                0x000000000000112c                window_set_fullscreen
                0x0000000000001138                sin_lookup
                0x0000000000001144                string_format_time
                0x0000000000001150                text_layer_init
                0x000000000000115c                text_layer_get_text
                0x0000000000001168                text_layer_set_text
                0x0000000000001174                text_layer_set_font
                0x0000000000001180                text_layer_set_text_color
                0x000000000000118c                text_layer_set_background_color
                0x0000000000001198                vibes_double_pulse
                0x00000000000011a4                vibes_enqueue_custom_pattern
                0x00000000000011b0                vibes_long_pulse
                0x00000000000011bc                vibes_short_pulse
                0x00000000000011c8                app_get_current_graphics_context
                0x00000000000011d4                clock_is_24h_style
                0x00000000000011e0                property_animation_init_layer_frame
                0x00000000000011ec                text_layer_set_text_alignment
                0x00000000000011f8                graphics_draw_bitmap_in_rect
                0x0000000000001204                graphics_text_draw
                0x0000000000001210                layer_set_bounds
                0x000000000000121c                layer_get_bounds
                0x0000000000001228                layer_set_update_proc
                0x0000000000001234                layer_get_window
                0x0000000000001240                layer_remove_child_layers
                0x000000000000124c                layer_insert_below_sibling
                0x0000000000001258                layer_insert_above_sibling
                0x0000000000001264                layer_get_hidden
                0x0000000000001270                layer_set_clips
                0x000000000000127c                layer_get_clips
                0x0000000000001288                text_layer_get_max_used_size
                0x0000000000001294                text_layer_set_size
                0x00000000000012a0                text_layer_set_overflow_mode
                0x00000000000012ac                graphics_text_layout_get_max_used_size
                0x00000000000012b8                inverter_layer_init
                0x00000000000012c4                bitmap_layer_init
                0x00000000000012d0                bitmap_layer_set_bitmap
                0x00000000000012dc                bitmap_layer_set_alignment
                0x00000000000012e8                bitmap_layer_set_background_color
                0x00000000000012f4                bitmap_layer_set_compositing_mode
                0x0000000000001300                heap_bitmap_init
                0x000000000000130c                heap_bitmap_deinit
                0x0000000000001318                click_recognizer_get_button_id
                0x0000000000001324                click_number_of_clicks_counted
                0x0000000000001330                menu_cell_basic_draw
                0x000000000000133c                menu_cell_title_draw
                0x0000000000001348                menu_cell_basic_header_draw
                0x0000000000001354                menu_layer_init
                0x0000000000001360                menu_layer_get_layer
                0x000000000000136c                menu_layer_set_callbacks
                0x0000000000001378                menu_layer_set_click_config_onto_window
                0x0000000000001384                menu_layer_set_selected_next
                0x0000000000001390                menu_layer_set_selected_index
                0x000000000000139c                menu_layer_reload_data
                0x00000000000013a8                menu_index_compare
                0x00000000000013b4                scroll_layer_init
                0x00000000000013c0                scroll_layer_add_child
                0x00000000000013cc                scroll_layer_set_click_config_onto_window
                0x00000000000013d8                scroll_layer_set_callbacks
                0x00000000000013e4                scroll_layer_set_context
                0x00000000000013f0                scroll_layer_set_content_offset
                0x00000000000013fc                scroll_layer_get_content_offset
                0x0000000000001408                scroll_layer_set_content_size
                0x0000000000001414                scroll_layer_get_content_size
                0x0000000000001420                scroll_layer_set_frame
                0x000000000000142c                scroll_layer_scroll_up_click_handler
                0x0000000000001438                scroll_layer_scroll_down_click_handler
                0x0000000000001444                simple_menu_layer_init
                0x0000000000001450                simple_menu_layer_get_layer
                0x000000000000145c                simple_menu_layer_get_selected_index
                0x0000000000001468                simple_menu_layer_set_selected_index
                0x0000000000001474                window_deinit
                0x0000000000001480                window_set_click_config_provider_with_context
                0x000000000000148c                window_get_click_config_provider
                0x0000000000001498                window_set_window_handlers
                0x00000000000014a4                window_get_root_layer
                0x00000000000014b0                window_get_fullscreen
                0x00000000000014bc                window_set_status_bar_icon
                0x00000000000014c8                window_is_loaded
                0x00000000000014d4                window_stack_pop
                0x00000000000014e0                window_stack_pop_all
                0x00000000000014ec                window_stack_contains_window
                0x00000000000014f4                window_stack_get_top_window
                0x00000000000014fc                window_stack_remove
                0x0000000000001504                property_animation_init
                0x000000000000150c                property_animation_update_int16
                0x0000000000001514                property_animation_update_gpoint
                0x000000000000151c                property_animation_update_grect
                0x0000000000001524                app_message_register_callbacks
                0x000000000000152c                app_message_deregister_callbacks
                0x0000000000001534                app_message_out_get
                0x000000000000153c                app_message_out_send
                0x0000000000001544                app_message_out_release
                0x000000000000154c                app_sync_init
                0x0000000000001554                app_sync_deinit
                0x000000000000155c                app_sync_set
                0x0000000000001564                app_sync_get
                0x000000000000156c                dict_calc_buffer_size
                0x0000000000001574                dict_write_begin
                0x000000000000157c                dict_write_data
                0x0000000000001584                dict_write_cstring
                0x000000000000158c                dict_write_int
                0x0000000000001594                dict_write_uint8
                0x000000000000159c                dict_write_uint16
                0x00000000000015a4                dict_write_uint32
                0x00000000000015ac                dict_write_int8
                0x00000000000015b4                dict_write_int16
                0x00000000000015bc                dict_write_int32
                0x00000000000015c4                dict_write_end
                0x00000000000015cc                dict_read_begin_from_buffer
                0x00000000000015d4                dict_read_next
                0x00000000000015dc                dict_read_first
                0x00000000000015e4                dict_serialize_tuplets
                0x00000000000015ec                dict_serialize_tuplets_to_buffer
                0x00000000000015f4                dict_serialize_tuplets_to_buffer_with_iter
                0x00000000000015fc                dict_write_tuplet
                0x0000000000001604                dict_calc_buffer_size_from_tuplets
                0x000000000000160c                dict_merge
                0x0000000000001614                dict_find
                0x000000000000161c                action_bar_layer_init
                0x0000000000001624                action_bar_layer_set_context
                0x000000000000162c                action_bar_layer_set_click_config_provider
                0x0000000000001634                action_bar_layer_set_icon
                0x000000000000163c                action_bar_layer_clear_icon
                0x0000000000001644                action_bar_layer_add_to_window
                0x000000000000164c                action_bar_layer_remove_from_window
                0x0000000000001654                action_bar_layer_set_background_color
                0x000000000000165c                number_window_init
                0x0000000000001664                number_window_set_label
                0x000000000000166c                number_window_set_max
                0x0000000000001674                number_window_set_min
                0x000000000000167c                number_window_set_value
                0x0000000000001684                number_window_set_step_size
                0x000000000000168c                number_window_get_value
                0x0000000000001694                clock_copy_time_string
 .text          0x00000000000019c4        0x0 /Users/Ricky/pebble-dev/arm-cs-tools/bin/../lib/gcc/arm-none-eabi/4.6.3/../../../../arm-none-eabi/lib/thumb2/libc.a(lib_a-memset.o)
 .text          0x00000000000019c4        0x0 /Users/Ricky/pebble-dev/arm-cs-tools/bin/../lib/gcc/arm-none-eabi/4.6.3/thumb2/crtend.o
 .text          0x00000000000019c4        0x0 /Users/Ricky/pebble-dev/arm-cs-tools/bin/../lib/gcc/arm-none-eabi/4.6.3/thumb2/crtn.o

.glue_7         0x00000000000019c4        0x0
 .glue_7        0x0000000000000000        0x0 linker stubs

.glue_7t        0x00000000000019c4        0x0
 .glue_7t       0x0000000000000000        0x0 linker stubs

.vfp11_veneer   0x00000000000019c4        0x0
 .vfp11_veneer  0x0000000000000000        0x0 linker stubs

.v4_bx          0x00000000000019c4        0x0
 .v4_bx         0x0000000000000000        0x0 linker stubs

.init           0x00000000000019c4        0xc
 .init          0x00000000000019c4        0x4 /Users/Ricky/pebble-dev/arm-cs-tools/bin/../lib/gcc/arm-none-eabi/4.6.3/thumb2/crti.o
                0x00000000000019c4                _init
 .init          0x00000000000019c8        0x8 /Users/Ricky/pebble-dev/arm-cs-tools/bin/../lib/gcc/arm-none-eabi/4.6.3/thumb2/crtn.o

.fini           0x00000000000019d0        0xc
 .fini          0x00000000000019d0        0x4 /Users/Ricky/pebble-dev/arm-cs-tools/bin/../lib/gcc/arm-none-eabi/4.6.3/thumb2/crti.o
                0x00000000000019d0                _fini
 .fini          0x00000000000019d4        0x8 /Users/Ricky/pebble-dev/arm-cs-tools/bin/../lib/gcc/arm-none-eabi/4.6.3/thumb2/crtn.o

.iplt           0x00000000000019dc        0x0
 .iplt          0x0000000000000000        0x0 /Users/Ricky/pebble-dev/arm-cs-tools/bin/../lib/gcc/arm-none-eabi/4.6.3/thumb2/crti.o

.text.memset    0x00000000000019dc       0x10
 .text.memset   0x00000000000019dc       0x10 /Users/Ricky/pebble-dev/arm-cs-tools/bin/../lib/gcc/arm-none-eabi/4.6.3/../../../../arm-none-eabi/lib/thumb2/libc.a(lib_a-memset.o)
                0x00000000000019dc                memset

.data           0x00000000000019ec       0x68
 *(.data)
 .data          0x00000000000019ec        0x0 /Users/Ricky/pebble-dev/arm-cs-tools/bin/../lib/gcc/arm-none-eabi/4.6.3/thumb2/crti.o
 .data          0x00000000000019ec        0x4 /Users/Ricky/pebble-dev/arm-cs-tools/bin/../lib/gcc/arm-none-eabi/4.6.3/thumb2/crtbegin.o
                0x00000000000019ec                __dso_handle
 .data          0x00000000000019f0       0x64 src/tertiary_text.c.1.o
                0x00000000000019f0                set1
                0x00000000000019f4                set2
                0x00000000000019f8                set3
                0x00000000000019fc                cur_set
                0x0000000000001a00                caps
                0x0000000000001a1c                letters
                0x0000000000001a38                numsym
 .data          0x0000000000001a54        0x0 /Users/Ricky/Pebble/tertiary_text/lib/libpebble.a(tmpE96Sgtpebble_os.o)
 .data          0x0000000000001a54        0x0 /Users/Ricky/pebble-dev/arm-cs-tools/bin/../lib/gcc/arm-none-eabi/4.6.3/../../../../arm-none-eabi/lib/thumb2/libc.a(lib_a-memset.o)
 .data          0x0000000000001a54        0x0 /Users/Ricky/pebble-dev/arm-cs-tools/bin/../lib/gcc/arm-none-eabi/4.6.3/thumb2/crtend.o
 .data          0x0000000000001a54        0x0 /Users/Ricky/pebble-dev/arm-cs-tools/bin/../lib/gcc/arm-none-eabi/4.6.3/thumb2/crtn.o

.igot.plt       0x0000000000001a54        0x0
 .igot.plt      0x0000000000000000        0x0 /Users/Ricky/pebble-dev/arm-cs-tools/bin/../lib/gcc/arm-none-eabi/4.6.3/thumb2/crti.o

.got            0x0000000000001a54       0x24
 .got           0x0000000000001a54       0x24 /Users/Ricky/pebble-dev/arm-cs-tools/bin/../lib/gcc/arm-none-eabi/4.6.3/thumb2/crti.o

.got.plt        0x0000000000001a78        0xc
 .got.plt       0x0000000000001a78        0xc /Users/Ricky/pebble-dev/arm-cs-tools/bin/../lib/gcc/arm-none-eabi/4.6.3/thumb2/crti.o
                0x0000000000001a78                _GLOBAL_OFFSET_TABLE_

.init_array     0x0000000000001a84        0x4
 .init_array    0x0000000000001a84        0x4 /Users/Ricky/pebble-dev/arm-cs-tools/bin/../lib/gcc/arm-none-eabi/4.6.3/thumb2/crtbegin.o

.fini_array     0x0000000000001a88        0x4
 .fini_array    0x0000000000001a88        0x4 /Users/Ricky/pebble-dev/arm-cs-tools/bin/../lib/gcc/arm-none-eabi/4.6.3/thumb2/crtbegin.o

.jcr            0x0000000000001a8c        0x4
 .jcr           0x0000000000001a8c        0x0 /Users/Ricky/pebble-dev/arm-cs-tools/bin/../lib/gcc/arm-none-eabi/4.6.3/thumb2/crtbegin.o
 .jcr           0x0000000000001a8c        0x4 /Users/Ricky/pebble-dev/arm-cs-tools/bin/../lib/gcc/arm-none-eabi/4.6.3/thumb2/crtend.o

.data.rel       0x0000000000001a90       0x28
 .data.rel      0x0000000000001a90       0x28 src/tertiary_text.c.1.o
                0x0000000000001a90                bbuttons
                0x0000000000001a9c                btexts
                0x0000000000001aa8                rotate_text
                0x0000000000001ab4                master

.data.rel.local
                0x0000000000001ab8       0x24
 .data.rel.local
                0x0000000000001ab8       0x24 src/tertiary_text.c.1.o
                0x0000000000001ab8                btext1
                0x0000000000001ac4                btext2
                0x0000000000001ad0                btext3

.bss            0x0000000000001adc      0x2e0
 *(.bss)
 .bss           0x0000000000001adc        0x0 /Users/Ricky/pebble-dev/arm-cs-tools/bin/../lib/gcc/arm-none-eabi/4.6.3/thumb2/crti.o
 .bss           0x0000000000001adc       0x1c /Users/Ricky/pebble-dev/arm-cs-tools/bin/../lib/gcc/arm-none-eabi/4.6.3/thumb2/crtbegin.o
 .bss           0x0000000000001af8        0x8 src/tertiary_text.c.1.o
                0x0000000000001af8                menu
                0x0000000000001af9                blackout
                0x0000000000001afc                pos
 .bss           0x0000000000001b00        0x0 /Users/Ricky/Pebble/tertiary_text/lib/libpebble.a(tmpE96Sgtpebble_os.o)
 .bss           0x0000000000001b00        0x0 /Users/Ricky/pebble-dev/arm-cs-tools/bin/../lib/gcc/arm-none-eabi/4.6.3/../../../../arm-none-eabi/lib/thumb2/libc.a(lib_a-memset.o)
 .bss           0x0000000000001b00        0x0 /Users/Ricky/pebble-dev/arm-cs-tools/bin/../lib/gcc/arm-none-eabi/4.6.3/thumb2/crtend.o
 .bss           0x0000000000001b00        0x0 /Users/Ricky/pebble-dev/arm-cs-tools/bin/../lib/gcc/arm-none-eabi/4.6.3/thumb2/crtn.o
 COMMON         0x0000000000001b00      0x2bc src/tertiary_text.c.1.o
                0x0000000000001b00                buttons2
                0x0000000000001ba8                text_buffer
                0x0000000000001bd0                top
                0x0000000000001bd4                textLayer
                0x0000000000001c0c                end
                0x0000000000001c10                buttons3
                0x0000000000001cb8                size
                0x0000000000001cbc                buttons1
                0x0000000000001d64                window

DISCARD         0x0000000000001dbc        0x4
 libc.a(*)
 libm.a(*)
 libgcc.a(*)
 *(.eh_frame)
 .eh_frame      0x0000000000001dbc        0x0 /Users/Ricky/pebble-dev/arm-cs-tools/bin/../lib/gcc/arm-none-eabi/4.6.3/thumb2/crtbegin.o
 .eh_frame      0x0000000000001dbc        0x4 /Users/Ricky/pebble-dev/arm-cs-tools/bin/../lib/gcc/arm-none-eabi/4.6.3/thumb2/crtend.o
OUTPUT(/Users/Ricky/Pebble/tertiary_text/build/pebble-app.elf elf32-littlearm)

.rodata         0x0000000000001dc0       0xbc
 .rodata        0x0000000000001dc0       0xbc src/tertiary_text.c.1.o

.rel.dyn        0x0000000000001e7c        0x0
 .rel.iplt      0x0000000000000000        0x0 /Users/Ricky/pebble-dev/arm-cs-tools/bin/../lib/gcc/arm-none-eabi/4.6.3/thumb2/crti.o
 .rel.got       0x0000000000000000        0x0 /Users/Ricky/pebble-dev/arm-cs-tools/bin/../lib/gcc/arm-none-eabi/4.6.3/thumb2/crti.o

.ARM.attributes
                0x0000000000000000       0x27
 .ARM.attributes
                0x0000000000000000       0x1b /Users/Ricky/pebble-dev/arm-cs-tools/bin/../lib/gcc/arm-none-eabi/4.6.3/thumb2/crti.o
 .ARM.attributes
                0x000000000000001b       0x2b /Users/Ricky/pebble-dev/arm-cs-tools/bin/../lib/gcc/arm-none-eabi/4.6.3/thumb2/crtbegin.o
 .ARM.attributes
                0x0000000000000046       0x33 src/tertiary_text.c.1.o
 .ARM.attributes
                0x0000000000000079       0x21 /Users/Ricky/Pebble/tertiary_text/lib/libpebble.a(tmpE96Sgtpebble_os.o)
 .ARM.attributes
                0x000000000000009a       0x2b /Users/Ricky/pebble-dev/arm-cs-tools/bin/../lib/gcc/arm-none-eabi/4.6.3/../../../../arm-none-eabi/lib/thumb2/libc.a(lib_a-memset.o)
 .ARM.attributes
                0x00000000000000c5       0x2b /Users/Ricky/pebble-dev/arm-cs-tools/bin/../lib/gcc/arm-none-eabi/4.6.3/thumb2/crtend.o
 .ARM.attributes
                0x00000000000000f0       0x1b /Users/Ricky/pebble-dev/arm-cs-tools/bin/../lib/gcc/arm-none-eabi/4.6.3/thumb2/crtn.o

.comment        0x0000000000000000       0x4e
 .comment       0x0000000000000000       0x4e /Users/Ricky/pebble-dev/arm-cs-tools/bin/../lib/gcc/arm-none-eabi/4.6.3/thumb2/crtbegin.o
                                         0x4f (size before relaxing)
 .comment       0x0000000000000000       0x4f src/tertiary_text.c.1.o
 .comment       0x0000000000000000       0x4f /Users/Ricky/pebble-dev/arm-cs-tools/bin/../lib/gcc/arm-none-eabi/4.6.3/../../../../arm-none-eabi/lib/thumb2/libc.a(lib_a-memset.o)
 .comment       0x0000000000000000       0x4f /Users/Ricky/pebble-dev/arm-cs-tools/bin/../lib/gcc/arm-none-eabi/4.6.3/thumb2/crtend.o

.debug_line     0x0000000000000000      0x376
 .debug_line    0x0000000000000000       0x71 /Users/Ricky/pebble-dev/arm-cs-tools/bin/../lib/gcc/arm-none-eabi/4.6.3/thumb2/crti.o
 .debug_line    0x0000000000000071      0x290 src/tertiary_text.c.1.o
 .debug_line    0x0000000000000301       0x75 /Users/Ricky/pebble-dev/arm-cs-tools/bin/../lib/gcc/arm-none-eabi/4.6.3/thumb2/crtn.o

.debug_info     0x0000000000000000     0x1883
 .debug_info    0x0000000000000000       0xb2 /Users/Ricky/pebble-dev/arm-cs-tools/bin/../lib/gcc/arm-none-eabi/4.6.3/thumb2/crti.o
 .debug_info    0x00000000000000b2     0x171f src/tertiary_text.c.1.o
 .debug_info    0x00000000000017d1       0xb2 /Users/Ricky/pebble-dev/arm-cs-tools/bin/../lib/gcc/arm-none-eabi/4.6.3/thumb2/crtn.o

.debug_abbrev   0x0000000000000000      0x2ac
 .debug_abbrev  0x0000000000000000       0x12 /Users/Ricky/pebble-dev/arm-cs-tools/bin/../lib/gcc/arm-none-eabi/4.6.3/thumb2/crti.o
 .debug_abbrev  0x0000000000000012      0x288 src/tertiary_text.c.1.o
 .debug_abbrev  0x000000000000029a       0x12 /Users/Ricky/pebble-dev/arm-cs-tools/bin/../lib/gcc/arm-none-eabi/4.6.3/thumb2/crtn.o

.debug_aranges  0x0000000000000000       0x70
 .debug_aranges
                0x0000000000000000       0x28 /Users/Ricky/pebble-dev/arm-cs-tools/bin/../lib/gcc/arm-none-eabi/4.6.3/thumb2/crti.o
 .debug_aranges
                0x0000000000000028       0x20 src/tertiary_text.c.1.o
 .debug_aranges
                0x0000000000000048       0x28 /Users/Ricky/pebble-dev/arm-cs-tools/bin/../lib/gcc/arm-none-eabi/4.6.3/thumb2/crtn.o

.debug_ranges   0x0000000000000000       0x40
 .debug_ranges  0x0000000000000000       0x20 /Users/Ricky/pebble-dev/arm-cs-tools/bin/../lib/gcc/arm-none-eabi/4.6.3/thumb2/crti.o
 .debug_ranges  0x0000000000000020       0x20 /Users/Ricky/pebble-dev/arm-cs-tools/bin/../lib/gcc/arm-none-eabi/4.6.3/thumb2/crtn.o

.debug_loc      0x0000000000000000      0x3ce
 .debug_loc     0x0000000000000000      0x3ce src/tertiary_text.c.1.o

.debug_str      0x0000000000000000      0xce3
 .debug_str     0x0000000000000000      0xce3 src/tertiary_text.c.1.o
                                        0xdcb (size before relaxing)

.debug_frame    0x0000000000000000      0x238
 .debug_frame   0x0000000000000000      0x238 src/tertiary_text.c.1.o
