Archive member included because of file (symbol)

/Users/Ricky/Pebble/tertiary_text/lib/libpebble.a(tmpE96Sgtpebble_os.o)
                              src/tertiary_text.c.1.o (app_event_loop)
/Users/Ricky/pebble-dev/arm-cs-tools/bin/../lib/gcc/arm-none-eabi/4.6.3/../../../../arm-none-eabi/lib/thumb2/libc.a(lib_a-memset.o)
                              src/tertiary_text.c.1.o (memset)

Allocating common symbols
Common symbol       size              file

buttons2            0xa8              src/tertiary_text.c.1.o
top                 0x4               src/tertiary_text.c.1.o
textLayer           0x38              src/tertiary_text.c.1.o
end                 0x4               src/tertiary_text.c.1.o
buttons3            0xa8              src/tertiary_text.c.1.o
size                0x4               src/tertiary_text.c.1.o
buttons1            0xa8              src/tertiary_text.c.1.o
window              0x58              src/tertiary_text.c.1.o

Memory Configuration

Name             Origin             Length             Attributes
APP              0x0000000000000000 0x0000000000006000 xrw
*default*        0x0000000000000000 0xffffffffffffffff

Linker script and memory map

LOAD /Users/Ricky/pebble-dev/arm-cs-tools/bin/../lib/gcc/arm-none-eabi/4.6.3/thumb2/crti.o
LOAD /Users/Ricky/pebble-dev/arm-cs-tools/bin/../lib/gcc/arm-none-eabi/4.6.3/thumb2/crtbegin.o
LOAD src/tertiary_text.c.1.o
LOAD /Users/Ricky/Pebble/tertiary_text/lib/libpebble.a
START GROUP
LOAD /Users/Ricky/pebble-dev/arm-cs-tools/bin/../lib/gcc/arm-none-eabi/4.6.3/thumb2/libgcc.a
LOAD /Users/Ricky/pebble-dev/arm-cs-tools/bin/../lib/gcc/arm-none-eabi/4.6.3/../../../../arm-none-eabi/lib/thumb2/libc.a
END GROUP
LOAD /Users/Ricky/pebble-dev/arm-cs-tools/bin/../lib/gcc/arm-none-eabi/4.6.3/thumb2/crtend.o
LOAD /Users/Ricky/pebble-dev/arm-cs-tools/bin/../lib/gcc/arm-none-eabi/4.6.3/thumb2/crtn.o

.header         0x0000000000000000       0x7c
 *(.pbl_header)
 .pbl_header    0x0000000000000000       0x7c src/tertiary_text.c.1.o
                0x0000000000000000                __pbl_app_info

.text           0x000000000000007c     0x175c
 *(.text)
 .text          0x000000000000007c        0x0 /Users/Ricky/pebble-dev/arm-cs-tools/bin/../lib/gcc/arm-none-eabi/4.6.3/thumb2/crti.o
 .text          0x000000000000007c       0x68 /Users/Ricky/pebble-dev/arm-cs-tools/bin/../lib/gcc/arm-none-eabi/4.6.3/thumb2/crtbegin.o
 .text          0x00000000000000e4      0xb68 src/tertiary_text.c.1.o
                0x00000000000000e4                next
                0x0000000000000120                getText
                0x0000000000000134                upThing
                0x0000000000000140                up_single_click_handler
                0x0000000000000204                select_single_click_handler
                0x00000000000002d4                down_single_click_handler
                0x0000000000000390                select_long_click_handler
                0x00000000000003fc                down_long_click_handler
                0x000000000000046c                up_long_click_handler
                0x00000000000004d8                click_config_provider
                0x0000000000000584                drawSides
                0x0000000000000a14                initSides
                0x0000000000000b3c                handle_init
                0x0000000000000c0c                pbl_main
 .text          0x0000000000000c4c      0xb8c /Users/Ricky/Pebble/tertiary_text/lib/libpebble.a(tmpE96Sgtpebble_os.o)
                0x0000000000000c4c                animation_init
                0x0000000000000c58                animation_set_delay
                0x0000000000000c64                animation_set_duration
                0x0000000000000c70                animation_set_curve
                0x0000000000000c7c                animation_set_handlers
                0x0000000000000c88                animation_set_implementation
                0x0000000000000c94                animation_get_context
                0x0000000000000ca0                animation_schedule
                0x0000000000000cac                animation_unschedule
                0x0000000000000cb8                animation_unschedule_all
                0x0000000000000cc4                animation_is_scheduled
                0x0000000000000cd0                app_timer_send_event
                0x0000000000000cdc                app_timer_cancel_event
                0x0000000000000ce8                app_event_loop
                0x0000000000000cf4                bmp_init_container
                0x0000000000000d00                bmp_deinit_container
                0x0000000000000d0c                cos_lookup
                0x0000000000000d18                fonts_get_system_font
                0x0000000000000d24                fonts_load_custom_font
                0x0000000000000d30                fonts_unload_custom_font
                0x0000000000000d3c                graphics_context_set_stroke_color
                0x0000000000000d48                graphics_context_set_fill_color
                0x0000000000000d54                graphics_context_set_text_color
                0x0000000000000d60                graphics_context_set_compositing_mode
                0x0000000000000d6c                graphics_draw_pixel
                0x0000000000000d78                graphics_draw_line
                0x0000000000000d84                graphics_fill_rect
                0x0000000000000d90                graphics_draw_circle
                0x0000000000000d9c                graphics_fill_circle
                0x0000000000000da8                graphics_draw_round_rect
                0x0000000000000db4                get_time
                0x0000000000000dc0                gpath_init
                0x0000000000000dcc                gpath_move_to
                0x0000000000000dd8                gpath_rotate_to
                0x0000000000000de4                gpath_draw_outline
                0x0000000000000df0                gpath_draw_filled
                0x0000000000000dfc                grect_center_point
                0x0000000000000e08                layer_mark_dirty
                0x0000000000000e14                layer_remove_from_parent
                0x0000000000000e20                layer_add_child
                0x0000000000000e2c                layer_get_frame
                0x0000000000000e38                layer_set_frame
                0x0000000000000e44                layer_set_hidden
                0x0000000000000e50                layer_init
                0x0000000000000e5c                light_enable
                0x0000000000000e68                light_enable_interaction
                0x0000000000000e74                psleep
                0x0000000000000e80                resource_init_current_app
                0x0000000000000e8c                resource_get_handle
                0x0000000000000e98                resource_load
                0x0000000000000ea4                resource_load_byte_range
                0x0000000000000eb0                resource_size
                0x0000000000000ebc                rotbmp_deinit_container
                0x0000000000000ec8                rotbmp_init_container
                0x0000000000000ed4                rotbmp_pair_deinit_container
                0x0000000000000ee0                rotbmp_pair_init_container
                0x0000000000000eec                rotbmp_pair_layer_set_src_ic
                0x0000000000000ef8                rotbmp_pair_layer_set_angle
                0x0000000000000f04                window_init
                0x0000000000000f10                window_stack_push
                0x0000000000000f1c                window_set_click_config_provider
                0x0000000000000f28                window_set_background_color
                0x0000000000000f34                window_render
                0x0000000000000f40                window_set_fullscreen
                0x0000000000000f4c                sin_lookup
                0x0000000000000f58                string_format_time
                0x0000000000000f64                text_layer_init
                0x0000000000000f70                text_layer_get_text
                0x0000000000000f7c                text_layer_set_text
                0x0000000000000f88                text_layer_set_font
                0x0000000000000f94                text_layer_set_text_color
                0x0000000000000fa0                text_layer_set_background_color
                0x0000000000000fac                vibes_double_pulse
                0x0000000000000fb8                vibes_enqueue_custom_pattern
                0x0000000000000fc4                vibes_long_pulse
                0x0000000000000fd0                vibes_short_pulse
                0x0000000000000fdc                app_get_current_graphics_context
                0x0000000000000fe8                clock_is_24h_style
                0x0000000000000ff4                property_animation_init_layer_frame
                0x0000000000001000                text_layer_set_text_alignment
                0x000000000000100c                graphics_draw_bitmap_in_rect
                0x0000000000001018                graphics_text_draw
                0x0000000000001024                layer_set_bounds
                0x0000000000001030                layer_get_bounds
                0x000000000000103c                layer_set_update_proc
                0x0000000000001048                layer_get_window
                0x0000000000001054                layer_remove_child_layers
                0x0000000000001060                layer_insert_below_sibling
                0x000000000000106c                layer_insert_above_sibling
                0x0000000000001078                layer_get_hidden
                0x0000000000001084                layer_set_clips
                0x0000000000001090                layer_get_clips
                0x000000000000109c                text_layer_get_max_used_size
                0x00000000000010a8                text_layer_set_size
                0x00000000000010b4                text_layer_set_overflow_mode
                0x00000000000010c0                graphics_text_layout_get_max_used_size
                0x00000000000010cc                inverter_layer_init
                0x00000000000010d8                bitmap_layer_init
                0x00000000000010e4                bitmap_layer_set_bitmap
                0x00000000000010f0                bitmap_layer_set_alignment
                0x00000000000010fc                bitmap_layer_set_background_color
                0x0000000000001108                bitmap_layer_set_compositing_mode
                0x0000000000001114                heap_bitmap_init
                0x0000000000001120                heap_bitmap_deinit
                0x000000000000112c                click_recognizer_get_button_id
                0x0000000000001138                click_number_of_clicks_counted
                0x0000000000001144                menu_cell_basic_draw
                0x0000000000001150                menu_cell_title_draw
                0x000000000000115c                menu_cell_basic_header_draw
                0x0000000000001168                menu_layer_init
                0x0000000000001174                menu_layer_get_layer
                0x0000000000001180                menu_layer_set_callbacks
                0x000000000000118c                menu_layer_set_click_config_onto_window
                0x0000000000001198                menu_layer_set_selected_next
                0x00000000000011a4                menu_layer_set_selected_index
                0x00000000000011b0                menu_layer_reload_data
                0x00000000000011bc                menu_index_compare
                0x00000000000011c8                scroll_layer_init
                0x00000000000011d4                scroll_layer_add_child
                0x00000000000011e0                scroll_layer_set_click_config_onto_window
                0x00000000000011ec                scroll_layer_set_callbacks
                0x00000000000011f8                scroll_layer_set_context
                0x0000000000001204                scroll_layer_set_content_offset
                0x0000000000001210                scroll_layer_get_content_offset
                0x000000000000121c                scroll_layer_set_content_size
                0x0000000000001228                scroll_layer_get_content_size
                0x0000000000001234                scroll_layer_set_frame
                0x0000000000001240                scroll_layer_scroll_up_click_handler
                0x000000000000124c                scroll_layer_scroll_down_click_handler
                0x0000000000001258                simple_menu_layer_init
                0x0000000000001264                simple_menu_layer_get_layer
                0x0000000000001270                simple_menu_layer_get_selected_index
                0x000000000000127c                simple_menu_layer_set_selected_index
                0x0000000000001288                window_deinit
                0x0000000000001294                window_set_click_config_provider_with_context
                0x00000000000012a0                window_get_click_config_provider
                0x00000000000012ac                window_set_window_handlers
                0x00000000000012b8                window_get_root_layer
                0x00000000000012c4                window_get_fullscreen
                0x00000000000012d0                window_set_status_bar_icon
                0x00000000000012dc                window_is_loaded
                0x00000000000012e8                window_stack_pop
                0x00000000000012f4                window_stack_pop_all
                0x0000000000001300                window_stack_contains_window
                0x0000000000001308                window_stack_get_top_window
                0x0000000000001310                window_stack_remove
                0x0000000000001318                property_animation_init
                0x0000000000001320                property_animation_update_int16
                0x0000000000001328                property_animation_update_gpoint
                0x0000000000001330                property_animation_update_grect
                0x0000000000001338                app_message_register_callbacks
                0x0000000000001340                app_message_deregister_callbacks
                0x0000000000001348                app_message_out_get
                0x0000000000001350                app_message_out_send
                0x0000000000001358                app_message_out_release
                0x0000000000001360                app_sync_init
                0x0000000000001368                app_sync_deinit
                0x0000000000001370                app_sync_set
                0x0000000000001378                app_sync_get
                0x0000000000001380                dict_calc_buffer_size
                0x0000000000001388                dict_write_begin
                0x0000000000001390                dict_write_data
                0x0000000000001398                dict_write_cstring
                0x00000000000013a0                dict_write_int
                0x00000000000013a8                dict_write_uint8
                0x00000000000013b0                dict_write_uint16
                0x00000000000013b8                dict_write_uint32
                0x00000000000013c0                dict_write_int8
                0x00000000000013c8                dict_write_int16
                0x00000000000013d0                dict_write_int32
                0x00000000000013d8                dict_write_end
                0x00000000000013e0                dict_read_begin_from_buffer
                0x00000000000013e8                dict_read_next
                0x00000000000013f0                dict_read_first
                0x00000000000013f8                dict_serialize_tuplets
                0x0000000000001400                dict_serialize_tuplets_to_buffer
                0x0000000000001408                dict_serialize_tuplets_to_buffer_with_iter
                0x0000000000001410                dict_write_tuplet
                0x0000000000001418                dict_calc_buffer_size_from_tuplets
                0x0000000000001420                dict_merge
                0x0000000000001428                dict_find
                0x0000000000001430                action_bar_layer_init
                0x0000000000001438                action_bar_layer_set_context
                0x0000000000001440                action_bar_layer_set_click_config_provider
                0x0000000000001448                action_bar_layer_set_icon
                0x0000000000001450                action_bar_layer_clear_icon
                0x0000000000001458                action_bar_layer_add_to_window
                0x0000000000001460                action_bar_layer_remove_from_window
                0x0000000000001468                action_bar_layer_set_background_color
                0x0000000000001470                number_window_init
                0x0000000000001478                number_window_set_label
                0x0000000000001480                number_window_set_max
                0x0000000000001488                number_window_set_min
                0x0000000000001490                number_window_set_value
                0x0000000000001498                number_window_set_step_size
                0x00000000000014a0                number_window_get_value
                0x00000000000014a8                clock_copy_time_string
 .text          0x00000000000017d8        0x0 /Users/Ricky/pebble-dev/arm-cs-tools/bin/../lib/gcc/arm-none-eabi/4.6.3/../../../../arm-none-eabi/lib/thumb2/libc.a(lib_a-memset.o)
 .text          0x00000000000017d8        0x0 /Users/Ricky/pebble-dev/arm-cs-tools/bin/../lib/gcc/arm-none-eabi/4.6.3/thumb2/crtend.o
 .text          0x00000000000017d8        0x0 /Users/Ricky/pebble-dev/arm-cs-tools/bin/../lib/gcc/arm-none-eabi/4.6.3/thumb2/crtn.o

.glue_7         0x00000000000017d8        0x0
 .glue_7        0x0000000000000000        0x0 linker stubs

.glue_7t        0x00000000000017d8        0x0
 .glue_7t       0x0000000000000000        0x0 linker stubs

.vfp11_veneer   0x00000000000017d8        0x0
 .vfp11_veneer  0x0000000000000000        0x0 linker stubs

.v4_bx          0x00000000000017d8        0x0
 .v4_bx         0x0000000000000000        0x0 linker stubs

.init           0x00000000000017d8        0xc
 .init          0x00000000000017d8        0x4 /Users/Ricky/pebble-dev/arm-cs-tools/bin/../lib/gcc/arm-none-eabi/4.6.3/thumb2/crti.o
                0x00000000000017d8                _init
 .init          0x00000000000017dc        0x8 /Users/Ricky/pebble-dev/arm-cs-tools/bin/../lib/gcc/arm-none-eabi/4.6.3/thumb2/crtn.o

.fini           0x00000000000017e4        0xc
 .fini          0x00000000000017e4        0x4 /Users/Ricky/pebble-dev/arm-cs-tools/bin/../lib/gcc/arm-none-eabi/4.6.3/thumb2/crti.o
                0x00000000000017e4                _fini
 .fini          0x00000000000017e8        0x8 /Users/Ricky/pebble-dev/arm-cs-tools/bin/../lib/gcc/arm-none-eabi/4.6.3/thumb2/crtn.o

.iplt           0x00000000000017f0        0x0
 .iplt          0x0000000000000000        0x0 /Users/Ricky/pebble-dev/arm-cs-tools/bin/../lib/gcc/arm-none-eabi/4.6.3/thumb2/crti.o

.text.memset    0x00000000000017f0       0x10
 .text.memset   0x00000000000017f0       0x10 /Users/Ricky/pebble-dev/arm-cs-tools/bin/../lib/gcc/arm-none-eabi/4.6.3/../../../../arm-none-eabi/lib/thumb2/libc.a(lib_a-memset.o)
                0x00000000000017f0                memset

.data           0x0000000000001800       0x50
 *(.data)
 .data          0x0000000000001800        0x0 /Users/Ricky/pebble-dev/arm-cs-tools/bin/../lib/gcc/arm-none-eabi/4.6.3/thumb2/crti.o
 .data          0x0000000000001800        0x4 /Users/Ricky/pebble-dev/arm-cs-tools/bin/../lib/gcc/arm-none-eabi/4.6.3/thumb2/crtbegin.o
                0x0000000000001800                __dso_handle
 .data          0x0000000000001804       0x4c src/tertiary_text.c.1.o
                0x0000000000001804                set1
                0x0000000000001808                set2
                0x000000000000180c                set3
                0x0000000000001810                master
                0x000000000000182c                text_buffer
                0x000000000000184c                pos
 .data          0x0000000000001850        0x0 /Users/Ricky/Pebble/tertiary_text/lib/libpebble.a(tmpE96Sgtpebble_os.o)
 .data          0x0000000000001850        0x0 /Users/Ricky/pebble-dev/arm-cs-tools/bin/../lib/gcc/arm-none-eabi/4.6.3/../../../../arm-none-eabi/lib/thumb2/libc.a(lib_a-memset.o)
 .data          0x0000000000001850        0x0 /Users/Ricky/pebble-dev/arm-cs-tools/bin/../lib/gcc/arm-none-eabi/4.6.3/thumb2/crtend.o
 .data          0x0000000000001850        0x0 /Users/Ricky/pebble-dev/arm-cs-tools/bin/../lib/gcc/arm-none-eabi/4.6.3/thumb2/crtn.o

.igot.plt       0x0000000000001850        0x0
 .igot.plt      0x0000000000000000        0x0 /Users/Ricky/pebble-dev/arm-cs-tools/bin/../lib/gcc/arm-none-eabi/4.6.3/thumb2/crti.o

.got            0x0000000000001850       0x20
 .got           0x0000000000001850       0x20 /Users/Ricky/pebble-dev/arm-cs-tools/bin/../lib/gcc/arm-none-eabi/4.6.3/thumb2/crti.o

.got.plt        0x0000000000001870        0xc
 .got.plt       0x0000000000001870        0xc /Users/Ricky/pebble-dev/arm-cs-tools/bin/../lib/gcc/arm-none-eabi/4.6.3/thumb2/crti.o
                0x0000000000001870                _GLOBAL_OFFSET_TABLE_

.init_array     0x000000000000187c        0x4
 .init_array    0x000000000000187c        0x4 /Users/Ricky/pebble-dev/arm-cs-tools/bin/../lib/gcc/arm-none-eabi/4.6.3/thumb2/crtbegin.o

.fini_array     0x0000000000001880        0x4
 .fini_array    0x0000000000001880        0x4 /Users/Ricky/pebble-dev/arm-cs-tools/bin/../lib/gcc/arm-none-eabi/4.6.3/thumb2/crtbegin.o

.jcr            0x0000000000001884        0x4
 .jcr           0x0000000000001884        0x0 /Users/Ricky/pebble-dev/arm-cs-tools/bin/../lib/gcc/arm-none-eabi/4.6.3/thumb2/crtbegin.o
 .jcr           0x0000000000001884        0x4 /Users/Ricky/pebble-dev/arm-cs-tools/bin/../lib/gcc/arm-none-eabi/4.6.3/thumb2/crtend.o

.data.rel.local
                0x0000000000001888       0x24
 .data.rel.local
                0x0000000000001888       0x24 src/tertiary_text.c.1.o
                0x0000000000001888                btext1
                0x0000000000001894                btext2
                0x00000000000018a0                btext3

.data.rel       0x00000000000018ac        0xc
 .data.rel      0x00000000000018ac        0xc src/tertiary_text.c.1.o
                0x00000000000018ac                btexts

.bss            0x00000000000018b8      0x2b0
 *(.bss)
 .bss           0x00000000000018b8        0x0 /Users/Ricky/pebble-dev/arm-cs-tools/bin/../lib/gcc/arm-none-eabi/4.6.3/thumb2/crti.o
 .bss           0x00000000000018b8       0x1c /Users/Ricky/pebble-dev/arm-cs-tools/bin/../lib/gcc/arm-none-eabi/4.6.3/thumb2/crtbegin.o
 .bss           0x00000000000018d4        0x0 src/tertiary_text.c.1.o
 .bss           0x00000000000018d4        0x0 /Users/Ricky/Pebble/tertiary_text/lib/libpebble.a(tmpE96Sgtpebble_os.o)
 .bss           0x00000000000018d4        0x0 /Users/Ricky/pebble-dev/arm-cs-tools/bin/../lib/gcc/arm-none-eabi/4.6.3/../../../../arm-none-eabi/lib/thumb2/libc.a(lib_a-memset.o)
 .bss           0x00000000000018d4        0x0 /Users/Ricky/pebble-dev/arm-cs-tools/bin/../lib/gcc/arm-none-eabi/4.6.3/thumb2/crtend.o
 .bss           0x00000000000018d4        0x0 /Users/Ricky/pebble-dev/arm-cs-tools/bin/../lib/gcc/arm-none-eabi/4.6.3/thumb2/crtn.o
 COMMON         0x00000000000018d4      0x294 src/tertiary_text.c.1.o
                0x00000000000018d4                buttons2
                0x000000000000197c                top
                0x0000000000001980                textLayer
                0x00000000000019b8                end
                0x00000000000019bc                buttons3
                0x0000000000001a64                size
                0x0000000000001a68                buttons1
                0x0000000000001b10                window

DISCARD         0x0000000000001b68        0x4
 libc.a(*)
 libm.a(*)
 libgcc.a(*)
 *(.eh_frame)
 .eh_frame      0x0000000000001b68        0x0 /Users/Ricky/pebble-dev/arm-cs-tools/bin/../lib/gcc/arm-none-eabi/4.6.3/thumb2/crtbegin.o
 .eh_frame      0x0000000000001b68        0x4 /Users/Ricky/pebble-dev/arm-cs-tools/bin/../lib/gcc/arm-none-eabi/4.6.3/thumb2/crtend.o
OUTPUT(/Users/Ricky/Pebble/tertiary_text/build/pebble-app.elf elf32-littlearm)

.rodata         0x0000000000001b6c       0xa4
 .rodata        0x0000000000001b6c       0xa4 src/tertiary_text.c.1.o

.rel.dyn        0x0000000000001c10        0x0
 .rel.iplt      0x0000000000000000        0x0 /Users/Ricky/pebble-dev/arm-cs-tools/bin/../lib/gcc/arm-none-eabi/4.6.3/thumb2/crti.o
 .rel.got       0x0000000000000000        0x0 /Users/Ricky/pebble-dev/arm-cs-tools/bin/../lib/gcc/arm-none-eabi/4.6.3/thumb2/crti.o

.ARM.attributes
                0x0000000000000000       0x27
 .ARM.attributes
                0x0000000000000000       0x1b /Users/Ricky/pebble-dev/arm-cs-tools/bin/../lib/gcc/arm-none-eabi/4.6.3/thumb2/crti.o
 .ARM.attributes
                0x000000000000001b       0x2b /Users/Ricky/pebble-dev/arm-cs-tools/bin/../lib/gcc/arm-none-eabi/4.6.3/thumb2/crtbegin.o
 .ARM.attributes
                0x0000000000000046       0x33 src/tertiary_text.c.1.o
 .ARM.attributes
                0x0000000000000079       0x21 /Users/Ricky/Pebble/tertiary_text/lib/libpebble.a(tmpE96Sgtpebble_os.o)
 .ARM.attributes
                0x000000000000009a       0x2b /Users/Ricky/pebble-dev/arm-cs-tools/bin/../lib/gcc/arm-none-eabi/4.6.3/../../../../arm-none-eabi/lib/thumb2/libc.a(lib_a-memset.o)
 .ARM.attributes
                0x00000000000000c5       0x2b /Users/Ricky/pebble-dev/arm-cs-tools/bin/../lib/gcc/arm-none-eabi/4.6.3/thumb2/crtend.o
 .ARM.attributes
                0x00000000000000f0       0x1b /Users/Ricky/pebble-dev/arm-cs-tools/bin/../lib/gcc/arm-none-eabi/4.6.3/thumb2/crtn.o

.comment        0x0000000000000000       0x4e
 .comment       0x0000000000000000       0x4e /Users/Ricky/pebble-dev/arm-cs-tools/bin/../lib/gcc/arm-none-eabi/4.6.3/thumb2/crtbegin.o
                                         0x4f (size before relaxing)
 .comment       0x0000000000000000       0x4f src/tertiary_text.c.1.o
 .comment       0x0000000000000000       0x4f /Users/Ricky/pebble-dev/arm-cs-tools/bin/../lib/gcc/arm-none-eabi/4.6.3/../../../../arm-none-eabi/lib/thumb2/libc.a(lib_a-memset.o)
 .comment       0x0000000000000000       0x4f /Users/Ricky/pebble-dev/arm-cs-tools/bin/../lib/gcc/arm-none-eabi/4.6.3/thumb2/crtend.o

.debug_line     0x0000000000000000      0x351
 .debug_line    0x0000000000000000       0x71 /Users/Ricky/pebble-dev/arm-cs-tools/bin/../lib/gcc/arm-none-eabi/4.6.3/thumb2/crti.o
 .debug_line    0x0000000000000071      0x26b src/tertiary_text.c.1.o
 .debug_line    0x00000000000002dc       0x75 /Users/Ricky/pebble-dev/arm-cs-tools/bin/../lib/gcc/arm-none-eabi/4.6.3/thumb2/crtn.o

.debug_info     0x0000000000000000     0x16e3
 .debug_info    0x0000000000000000       0xb2 /Users/Ricky/pebble-dev/arm-cs-tools/bin/../lib/gcc/arm-none-eabi/4.6.3/thumb2/crti.o
 .debug_info    0x00000000000000b2     0x157f src/tertiary_text.c.1.o
 .debug_info    0x0000000000001631       0xb2 /Users/Ricky/pebble-dev/arm-cs-tools/bin/../lib/gcc/arm-none-eabi/4.6.3/thumb2/crtn.o

.debug_abbrev   0x0000000000000000      0x286
 .debug_abbrev  0x0000000000000000       0x12 /Users/Ricky/pebble-dev/arm-cs-tools/bin/../lib/gcc/arm-none-eabi/4.6.3/thumb2/crti.o
 .debug_abbrev  0x0000000000000012      0x262 src/tertiary_text.c.1.o
 .debug_abbrev  0x0000000000000274       0x12 /Users/Ricky/pebble-dev/arm-cs-tools/bin/../lib/gcc/arm-none-eabi/4.6.3/thumb2/crtn.o

.debug_aranges  0x0000000000000000       0x70
 .debug_aranges
                0x0000000000000000       0x28 /Users/Ricky/pebble-dev/arm-cs-tools/bin/../lib/gcc/arm-none-eabi/4.6.3/thumb2/crti.o
 .debug_aranges
                0x0000000000000028       0x20 src/tertiary_text.c.1.o
 .debug_aranges
                0x0000000000000048       0x28 /Users/Ricky/pebble-dev/arm-cs-tools/bin/../lib/gcc/arm-none-eabi/4.6.3/thumb2/crtn.o

.debug_ranges   0x0000000000000000       0x40
 .debug_ranges  0x0000000000000000       0x20 /Users/Ricky/pebble-dev/arm-cs-tools/bin/../lib/gcc/arm-none-eabi/4.6.3/thumb2/crti.o
 .debug_ranges  0x0000000000000020       0x20 /Users/Ricky/pebble-dev/arm-cs-tools/bin/../lib/gcc/arm-none-eabi/4.6.3/thumb2/crtn.o

.debug_loc      0x0000000000000000      0x2fa
 .debug_loc     0x0000000000000000      0x2fa src/tertiary_text.c.1.o

.debug_str      0x0000000000000000      0xc67
 .debug_str     0x0000000000000000      0xc67 src/tertiary_text.c.1.o
                                        0xd32 (size before relaxing)

.debug_frame    0x0000000000000000      0x1bc
 .debug_frame   0x0000000000000000      0x1bc src/tertiary_text.c.1.o
