Archive member included because of file (symbol)

/Users/Ricky/Pebble/tertiary_text/lib/libpebble.a(tmpE96Sgtpebble_os.o)
                              src/tertiary_text.c.1.o (app_event_loop)
/Users/Ricky/pebble-dev/arm-cs-tools/bin/../lib/gcc/arm-none-eabi/4.6.3/../../../../arm-none-eabi/lib/thumb2/libc.a(lib_a-memset.o)
                              src/tertiary_text.c.1.o (memset)

Allocating common symbols
Common symbol       size              file

buttons2            0xa8              src/tertiary_text.c.1.o
top                 0x4               src/tertiary_text.c.1.o
textLayer           0x38              src/tertiary_text.c.1.o
end                 0x4               src/tertiary_text.c.1.o
buttons3            0xa8              src/tertiary_text.c.1.o
size                0x4               src/tertiary_text.c.1.o
buttons1            0xa8              src/tertiary_text.c.1.o
window              0x58              src/tertiary_text.c.1.o

Memory Configuration

Name             Origin             Length             Attributes
APP              0x0000000000000000 0x0000000000006000 xrw
*default*        0x0000000000000000 0xffffffffffffffff

Linker script and memory map

LOAD /Users/Ricky/pebble-dev/arm-cs-tools/bin/../lib/gcc/arm-none-eabi/4.6.3/thumb2/crti.o
LOAD /Users/Ricky/pebble-dev/arm-cs-tools/bin/../lib/gcc/arm-none-eabi/4.6.3/thumb2/crtbegin.o
LOAD src/tertiary_text.c.1.o
LOAD /Users/Ricky/Pebble/tertiary_text/lib/libpebble.a
START GROUP
LOAD /Users/Ricky/pebble-dev/arm-cs-tools/bin/../lib/gcc/arm-none-eabi/4.6.3/thumb2/libgcc.a
LOAD /Users/Ricky/pebble-dev/arm-cs-tools/bin/../lib/gcc/arm-none-eabi/4.6.3/../../../../arm-none-eabi/lib/thumb2/libc.a
END GROUP
LOAD /Users/Ricky/pebble-dev/arm-cs-tools/bin/../lib/gcc/arm-none-eabi/4.6.3/thumb2/crtend.o
LOAD /Users/Ricky/pebble-dev/arm-cs-tools/bin/../lib/gcc/arm-none-eabi/4.6.3/thumb2/crtn.o

.header         0x0000000000000000       0x7c
 *(.pbl_header)
 .pbl_header    0x0000000000000000       0x7c src/tertiary_text.c.1.o
                0x0000000000000000                __pbl_app_info

.text           0x000000000000007c     0x1810
 *(.text)
 .text          0x000000000000007c        0x0 /Users/Ricky/pebble-dev/arm-cs-tools/bin/../lib/gcc/arm-none-eabi/4.6.3/thumb2/crti.o
 .text          0x000000000000007c       0x68 /Users/Ricky/pebble-dev/arm-cs-tools/bin/../lib/gcc/arm-none-eabi/4.6.3/thumb2/crtbegin.o
 .text          0x00000000000000e4      0xc1c src/tertiary_text.c.1.o
                0x00000000000000e4                change_set
                0x00000000000001a0                next
                0x00000000000001dc                up_single_click_handler
                0x00000000000002bc                select_single_click_handler
                0x00000000000003a8                down_single_click_handler
                0x0000000000000480                select_long_click_handler
                0x00000000000004e8                down_long_click_handler
                0x0000000000000554                set_menu
                0x000000000000056c                up_long_click_handler
                0x0000000000000584                click_config_provider
                0x0000000000000630                drawMenu
                0x0000000000000760                drawSides
                0x0000000000000ac8                initSides
                0x0000000000000bf0                handle_init
                0x0000000000000cc0                pbl_main
 .text          0x0000000000000d00      0xb8c /Users/Ricky/Pebble/tertiary_text/lib/libpebble.a(tmpE96Sgtpebble_os.o)
                0x0000000000000d00                animation_init
                0x0000000000000d0c                animation_set_delay
                0x0000000000000d18                animation_set_duration
                0x0000000000000d24                animation_set_curve
                0x0000000000000d30                animation_set_handlers
                0x0000000000000d3c                animation_set_implementation
                0x0000000000000d48                animation_get_context
                0x0000000000000d54                animation_schedule
                0x0000000000000d60                animation_unschedule
                0x0000000000000d6c                animation_unschedule_all
                0x0000000000000d78                animation_is_scheduled
                0x0000000000000d84                app_timer_send_event
                0x0000000000000d90                app_timer_cancel_event
                0x0000000000000d9c                app_event_loop
                0x0000000000000da8                bmp_init_container
                0x0000000000000db4                bmp_deinit_container
                0x0000000000000dc0                cos_lookup
                0x0000000000000dcc                fonts_get_system_font
                0x0000000000000dd8                fonts_load_custom_font
                0x0000000000000de4                fonts_unload_custom_font
                0x0000000000000df0                graphics_context_set_stroke_color
                0x0000000000000dfc                graphics_context_set_fill_color
                0x0000000000000e08                graphics_context_set_text_color
                0x0000000000000e14                graphics_context_set_compositing_mode
                0x0000000000000e20                graphics_draw_pixel
                0x0000000000000e2c                graphics_draw_line
                0x0000000000000e38                graphics_fill_rect
                0x0000000000000e44                graphics_draw_circle
                0x0000000000000e50                graphics_fill_circle
                0x0000000000000e5c                graphics_draw_round_rect
                0x0000000000000e68                get_time
                0x0000000000000e74                gpath_init
                0x0000000000000e80                gpath_move_to
                0x0000000000000e8c                gpath_rotate_to
                0x0000000000000e98                gpath_draw_outline
                0x0000000000000ea4                gpath_draw_filled
                0x0000000000000eb0                grect_center_point
                0x0000000000000ebc                layer_mark_dirty
                0x0000000000000ec8                layer_remove_from_parent
                0x0000000000000ed4                layer_add_child
                0x0000000000000ee0                layer_get_frame
                0x0000000000000eec                layer_set_frame
                0x0000000000000ef8                layer_set_hidden
                0x0000000000000f04                layer_init
                0x0000000000000f10                light_enable
                0x0000000000000f1c                light_enable_interaction
                0x0000000000000f28                psleep
                0x0000000000000f34                resource_init_current_app
                0x0000000000000f40                resource_get_handle
                0x0000000000000f4c                resource_load
                0x0000000000000f58                resource_load_byte_range
                0x0000000000000f64                resource_size
                0x0000000000000f70                rotbmp_deinit_container
                0x0000000000000f7c                rotbmp_init_container
                0x0000000000000f88                rotbmp_pair_deinit_container
                0x0000000000000f94                rotbmp_pair_init_container
                0x0000000000000fa0                rotbmp_pair_layer_set_src_ic
                0x0000000000000fac                rotbmp_pair_layer_set_angle
                0x0000000000000fb8                window_init
                0x0000000000000fc4                window_stack_push
                0x0000000000000fd0                window_set_click_config_provider
                0x0000000000000fdc                window_set_background_color
                0x0000000000000fe8                window_render
                0x0000000000000ff4                window_set_fullscreen
                0x0000000000001000                sin_lookup
                0x000000000000100c                string_format_time
                0x0000000000001018                text_layer_init
                0x0000000000001024                text_layer_get_text
                0x0000000000001030                text_layer_set_text
                0x000000000000103c                text_layer_set_font
                0x0000000000001048                text_layer_set_text_color
                0x0000000000001054                text_layer_set_background_color
                0x0000000000001060                vibes_double_pulse
                0x000000000000106c                vibes_enqueue_custom_pattern
                0x0000000000001078                vibes_long_pulse
                0x0000000000001084                vibes_short_pulse
                0x0000000000001090                app_get_current_graphics_context
                0x000000000000109c                clock_is_24h_style
                0x00000000000010a8                property_animation_init_layer_frame
                0x00000000000010b4                text_layer_set_text_alignment
                0x00000000000010c0                graphics_draw_bitmap_in_rect
                0x00000000000010cc                graphics_text_draw
                0x00000000000010d8                layer_set_bounds
                0x00000000000010e4                layer_get_bounds
                0x00000000000010f0                layer_set_update_proc
                0x00000000000010fc                layer_get_window
                0x0000000000001108                layer_remove_child_layers
                0x0000000000001114                layer_insert_below_sibling
                0x0000000000001120                layer_insert_above_sibling
                0x000000000000112c                layer_get_hidden
                0x0000000000001138                layer_set_clips
                0x0000000000001144                layer_get_clips
                0x0000000000001150                text_layer_get_max_used_size
                0x000000000000115c                text_layer_set_size
                0x0000000000001168                text_layer_set_overflow_mode
                0x0000000000001174                graphics_text_layout_get_max_used_size
                0x0000000000001180                inverter_layer_init
                0x000000000000118c                bitmap_layer_init
                0x0000000000001198                bitmap_layer_set_bitmap
                0x00000000000011a4                bitmap_layer_set_alignment
                0x00000000000011b0                bitmap_layer_set_background_color
                0x00000000000011bc                bitmap_layer_set_compositing_mode
                0x00000000000011c8                heap_bitmap_init
                0x00000000000011d4                heap_bitmap_deinit
                0x00000000000011e0                click_recognizer_get_button_id
                0x00000000000011ec                click_number_of_clicks_counted
                0x00000000000011f8                menu_cell_basic_draw
                0x0000000000001204                menu_cell_title_draw
                0x0000000000001210                menu_cell_basic_header_draw
                0x000000000000121c                menu_layer_init
                0x0000000000001228                menu_layer_get_layer
                0x0000000000001234                menu_layer_set_callbacks
                0x0000000000001240                menu_layer_set_click_config_onto_window
                0x000000000000124c                menu_layer_set_selected_next
                0x0000000000001258                menu_layer_set_selected_index
                0x0000000000001264                menu_layer_reload_data
                0x0000000000001270                menu_index_compare
                0x000000000000127c                scroll_layer_init
                0x0000000000001288                scroll_layer_add_child
                0x0000000000001294                scroll_layer_set_click_config_onto_window
                0x00000000000012a0                scroll_layer_set_callbacks
                0x00000000000012ac                scroll_layer_set_context
                0x00000000000012b8                scroll_layer_set_content_offset
                0x00000000000012c4                scroll_layer_get_content_offset
                0x00000000000012d0                scroll_layer_set_content_size
                0x00000000000012dc                scroll_layer_get_content_size
                0x00000000000012e8                scroll_layer_set_frame
                0x00000000000012f4                scroll_layer_scroll_up_click_handler
                0x0000000000001300                scroll_layer_scroll_down_click_handler
                0x000000000000130c                simple_menu_layer_init
                0x0000000000001318                simple_menu_layer_get_layer
                0x0000000000001324                simple_menu_layer_get_selected_index
                0x0000000000001330                simple_menu_layer_set_selected_index
                0x000000000000133c                window_deinit
                0x0000000000001348                window_set_click_config_provider_with_context
                0x0000000000001354                window_get_click_config_provider
                0x0000000000001360                window_set_window_handlers
                0x000000000000136c                window_get_root_layer
                0x0000000000001378                window_get_fullscreen
                0x0000000000001384                window_set_status_bar_icon
                0x0000000000001390                window_is_loaded
                0x000000000000139c                window_stack_pop
                0x00000000000013a8                window_stack_pop_all
                0x00000000000013b4                window_stack_contains_window
                0x00000000000013bc                window_stack_get_top_window
                0x00000000000013c4                window_stack_remove
                0x00000000000013cc                property_animation_init
                0x00000000000013d4                property_animation_update_int16
                0x00000000000013dc                property_animation_update_gpoint
                0x00000000000013e4                property_animation_update_grect
                0x00000000000013ec                app_message_register_callbacks
                0x00000000000013f4                app_message_deregister_callbacks
                0x00000000000013fc                app_message_out_get
                0x0000000000001404                app_message_out_send
                0x000000000000140c                app_message_out_release
                0x0000000000001414                app_sync_init
                0x000000000000141c                app_sync_deinit
                0x0000000000001424                app_sync_set
                0x000000000000142c                app_sync_get
                0x0000000000001434                dict_calc_buffer_size
                0x000000000000143c                dict_write_begin
                0x0000000000001444                dict_write_data
                0x000000000000144c                dict_write_cstring
                0x0000000000001454                dict_write_int
                0x000000000000145c                dict_write_uint8
                0x0000000000001464                dict_write_uint16
                0x000000000000146c                dict_write_uint32
                0x0000000000001474                dict_write_int8
                0x000000000000147c                dict_write_int16
                0x0000000000001484                dict_write_int32
                0x000000000000148c                dict_write_end
                0x0000000000001494                dict_read_begin_from_buffer
                0x000000000000149c                dict_read_next
                0x00000000000014a4                dict_read_first
                0x00000000000014ac                dict_serialize_tuplets
                0x00000000000014b4                dict_serialize_tuplets_to_buffer
                0x00000000000014bc                dict_serialize_tuplets_to_buffer_with_iter
                0x00000000000014c4                dict_write_tuplet
                0x00000000000014cc                dict_calc_buffer_size_from_tuplets
                0x00000000000014d4                dict_merge
                0x00000000000014dc                dict_find
                0x00000000000014e4                action_bar_layer_init
                0x00000000000014ec                action_bar_layer_set_context
                0x00000000000014f4                action_bar_layer_set_click_config_provider
                0x00000000000014fc                action_bar_layer_set_icon
                0x0000000000001504                action_bar_layer_clear_icon
                0x000000000000150c                action_bar_layer_add_to_window
                0x0000000000001514                action_bar_layer_remove_from_window
                0x000000000000151c                action_bar_layer_set_background_color
                0x0000000000001524                number_window_init
                0x000000000000152c                number_window_set_label
                0x0000000000001534                number_window_set_max
                0x000000000000153c                number_window_set_min
                0x0000000000001544                number_window_set_value
                0x000000000000154c                number_window_set_step_size
                0x0000000000001554                number_window_get_value
                0x000000000000155c                clock_copy_time_string
 .text          0x000000000000188c        0x0 /Users/Ricky/pebble-dev/arm-cs-tools/bin/../lib/gcc/arm-none-eabi/4.6.3/../../../../arm-none-eabi/lib/thumb2/libc.a(lib_a-memset.o)
 .text          0x000000000000188c        0x0 /Users/Ricky/pebble-dev/arm-cs-tools/bin/../lib/gcc/arm-none-eabi/4.6.3/thumb2/crtend.o
 .text          0x000000000000188c        0x0 /Users/Ricky/pebble-dev/arm-cs-tools/bin/../lib/gcc/arm-none-eabi/4.6.3/thumb2/crtn.o

.glue_7         0x000000000000188c        0x0
 .glue_7        0x0000000000000000        0x0 linker stubs

.glue_7t        0x000000000000188c        0x0
 .glue_7t       0x0000000000000000        0x0 linker stubs

.vfp11_veneer   0x000000000000188c        0x0
 .vfp11_veneer  0x0000000000000000        0x0 linker stubs

.v4_bx          0x000000000000188c        0x0
 .v4_bx         0x0000000000000000        0x0 linker stubs

.init           0x000000000000188c        0xc
 .init          0x000000000000188c        0x4 /Users/Ricky/pebble-dev/arm-cs-tools/bin/../lib/gcc/arm-none-eabi/4.6.3/thumb2/crti.o
                0x000000000000188c                _init
 .init          0x0000000000001890        0x8 /Users/Ricky/pebble-dev/arm-cs-tools/bin/../lib/gcc/arm-none-eabi/4.6.3/thumb2/crtn.o

.fini           0x0000000000001898        0xc
 .fini          0x0000000000001898        0x4 /Users/Ricky/pebble-dev/arm-cs-tools/bin/../lib/gcc/arm-none-eabi/4.6.3/thumb2/crti.o
                0x0000000000001898                _fini
 .fini          0x000000000000189c        0x8 /Users/Ricky/pebble-dev/arm-cs-tools/bin/../lib/gcc/arm-none-eabi/4.6.3/thumb2/crtn.o

.iplt           0x00000000000018a4        0x0
 .iplt          0x0000000000000000        0x0 /Users/Ricky/pebble-dev/arm-cs-tools/bin/../lib/gcc/arm-none-eabi/4.6.3/thumb2/crti.o

.text.memset    0x00000000000018a4       0x10
 .text.memset   0x00000000000018a4       0x10 /Users/Ricky/pebble-dev/arm-cs-tools/bin/../lib/gcc/arm-none-eabi/4.6.3/../../../../arm-none-eabi/lib/thumb2/libc.a(lib_a-memset.o)
                0x00000000000018a4                memset

.data           0x00000000000018b4       0x88
 *(.data)
 .data          0x00000000000018b4        0x0 /Users/Ricky/pebble-dev/arm-cs-tools/bin/../lib/gcc/arm-none-eabi/4.6.3/thumb2/crti.o
 .data          0x00000000000018b4        0x4 /Users/Ricky/pebble-dev/arm-cs-tools/bin/../lib/gcc/arm-none-eabi/4.6.3/thumb2/crtbegin.o
                0x00000000000018b4                __dso_handle
 .data          0x00000000000018b8       0x84 src/tertiary_text.c.1.o
                0x00000000000018b8                set1
                0x00000000000018bc                set2
                0x00000000000018c0                set3
                0x00000000000018c4                caps
                0x00000000000018e0                letters
                0x00000000000018fc                numsym
                0x0000000000001918                text_buffer
                0x0000000000001938                pos
 .data          0x000000000000193c        0x0 /Users/Ricky/Pebble/tertiary_text/lib/libpebble.a(tmpE96Sgtpebble_os.o)
 .data          0x000000000000193c        0x0 /Users/Ricky/pebble-dev/arm-cs-tools/bin/../lib/gcc/arm-none-eabi/4.6.3/../../../../arm-none-eabi/lib/thumb2/libc.a(lib_a-memset.o)
 .data          0x000000000000193c        0x0 /Users/Ricky/pebble-dev/arm-cs-tools/bin/../lib/gcc/arm-none-eabi/4.6.3/thumb2/crtend.o
 .data          0x000000000000193c        0x0 /Users/Ricky/pebble-dev/arm-cs-tools/bin/../lib/gcc/arm-none-eabi/4.6.3/thumb2/crtn.o

.igot.plt       0x000000000000193c        0x0
 .igot.plt      0x0000000000000000        0x0 /Users/Ricky/pebble-dev/arm-cs-tools/bin/../lib/gcc/arm-none-eabi/4.6.3/thumb2/crti.o

.got            0x000000000000193c       0x20
 .got           0x000000000000193c       0x20 /Users/Ricky/pebble-dev/arm-cs-tools/bin/../lib/gcc/arm-none-eabi/4.6.3/thumb2/crti.o

.got.plt        0x000000000000195c        0xc
 .got.plt       0x000000000000195c        0xc /Users/Ricky/pebble-dev/arm-cs-tools/bin/../lib/gcc/arm-none-eabi/4.6.3/thumb2/crti.o
                0x000000000000195c                _GLOBAL_OFFSET_TABLE_

.init_array     0x0000000000001968        0x4
 .init_array    0x0000000000001968        0x4 /Users/Ricky/pebble-dev/arm-cs-tools/bin/../lib/gcc/arm-none-eabi/4.6.3/thumb2/crtbegin.o

.fini_array     0x000000000000196c        0x4
 .fini_array    0x000000000000196c        0x4 /Users/Ricky/pebble-dev/arm-cs-tools/bin/../lib/gcc/arm-none-eabi/4.6.3/thumb2/crtbegin.o

.jcr            0x0000000000001970        0x4
 .jcr           0x0000000000001970        0x0 /Users/Ricky/pebble-dev/arm-cs-tools/bin/../lib/gcc/arm-none-eabi/4.6.3/thumb2/crtbegin.o
 .jcr           0x0000000000001970        0x4 /Users/Ricky/pebble-dev/arm-cs-tools/bin/../lib/gcc/arm-none-eabi/4.6.3/thumb2/crtend.o

.data.rel       0x0000000000001974       0x28
 .data.rel      0x0000000000001974       0x28 src/tertiary_text.c.1.o
                0x0000000000001974                bbuttons
                0x0000000000001980                btexts
                0x000000000000198c                rotate_text
                0x0000000000001998                master

.data.rel.local
                0x000000000000199c       0x24
 .data.rel.local
                0x000000000000199c       0x24 src/tertiary_text.c.1.o
                0x000000000000199c                btext1
                0x00000000000019a8                btext2
                0x00000000000019b4                btext3

.bss            0x00000000000019c0      0x2b4
 *(.bss)
 .bss           0x00000000000019c0        0x0 /Users/Ricky/pebble-dev/arm-cs-tools/bin/../lib/gcc/arm-none-eabi/4.6.3/thumb2/crti.o
 .bss           0x00000000000019c0       0x1c /Users/Ricky/pebble-dev/arm-cs-tools/bin/../lib/gcc/arm-none-eabi/4.6.3/thumb2/crtbegin.o
 .bss           0x00000000000019dc        0x1 src/tertiary_text.c.1.o
                0x00000000000019dc                menu
 .bss           0x00000000000019dd        0x0 /Users/Ricky/Pebble/tertiary_text/lib/libpebble.a(tmpE96Sgtpebble_os.o)
 .bss           0x00000000000019dd        0x0 /Users/Ricky/pebble-dev/arm-cs-tools/bin/../lib/gcc/arm-none-eabi/4.6.3/../../../../arm-none-eabi/lib/thumb2/libc.a(lib_a-memset.o)
 .bss           0x00000000000019dd        0x0 /Users/Ricky/pebble-dev/arm-cs-tools/bin/../lib/gcc/arm-none-eabi/4.6.3/thumb2/crtend.o
 .bss           0x00000000000019dd        0x0 /Users/Ricky/pebble-dev/arm-cs-tools/bin/../lib/gcc/arm-none-eabi/4.6.3/thumb2/crtn.o
 *fill*         0x00000000000019dd        0x3 00
 COMMON         0x00000000000019e0      0x294 src/tertiary_text.c.1.o
                0x00000000000019e0                buttons2
                0x0000000000001a88                top
                0x0000000000001a8c                textLayer
                0x0000000000001ac4                end
                0x0000000000001ac8                buttons3
                0x0000000000001b70                size
                0x0000000000001b74                buttons1
                0x0000000000001c1c                window

DISCARD         0x0000000000001c74        0x4
 libc.a(*)
 libm.a(*)
 libgcc.a(*)
 *(.eh_frame)
 .eh_frame      0x0000000000001c74        0x0 /Users/Ricky/pebble-dev/arm-cs-tools/bin/../lib/gcc/arm-none-eabi/4.6.3/thumb2/crtbegin.o
 .eh_frame      0x0000000000001c74        0x4 /Users/Ricky/pebble-dev/arm-cs-tools/bin/../lib/gcc/arm-none-eabi/4.6.3/thumb2/crtend.o
OUTPUT(/Users/Ricky/Pebble/tertiary_text/build/pebble-app.elf elf32-littlearm)

.rodata         0x0000000000001c78       0xbc
 .rodata        0x0000000000001c78       0xbc src/tertiary_text.c.1.o

.rel.dyn        0x0000000000001d34        0x0
 .rel.iplt      0x0000000000000000        0x0 /Users/Ricky/pebble-dev/arm-cs-tools/bin/../lib/gcc/arm-none-eabi/4.6.3/thumb2/crti.o
 .rel.got       0x0000000000000000        0x0 /Users/Ricky/pebble-dev/arm-cs-tools/bin/../lib/gcc/arm-none-eabi/4.6.3/thumb2/crti.o

.ARM.attributes
                0x0000000000000000       0x27
 .ARM.attributes
                0x0000000000000000       0x1b /Users/Ricky/pebble-dev/arm-cs-tools/bin/../lib/gcc/arm-none-eabi/4.6.3/thumb2/crti.o
 .ARM.attributes
                0x000000000000001b       0x2b /Users/Ricky/pebble-dev/arm-cs-tools/bin/../lib/gcc/arm-none-eabi/4.6.3/thumb2/crtbegin.o
 .ARM.attributes
                0x0000000000000046       0x33 src/tertiary_text.c.1.o
 .ARM.attributes
                0x0000000000000079       0x21 /Users/Ricky/Pebble/tertiary_text/lib/libpebble.a(tmpE96Sgtpebble_os.o)
 .ARM.attributes
                0x000000000000009a       0x2b /Users/Ricky/pebble-dev/arm-cs-tools/bin/../lib/gcc/arm-none-eabi/4.6.3/../../../../arm-none-eabi/lib/thumb2/libc.a(lib_a-memset.o)
 .ARM.attributes
                0x00000000000000c5       0x2b /Users/Ricky/pebble-dev/arm-cs-tools/bin/../lib/gcc/arm-none-eabi/4.6.3/thumb2/crtend.o
 .ARM.attributes
                0x00000000000000f0       0x1b /Users/Ricky/pebble-dev/arm-cs-tools/bin/../lib/gcc/arm-none-eabi/4.6.3/thumb2/crtn.o

.comment        0x0000000000000000       0x4e
 .comment       0x0000000000000000       0x4e /Users/Ricky/pebble-dev/arm-cs-tools/bin/../lib/gcc/arm-none-eabi/4.6.3/thumb2/crtbegin.o
                                         0x4f (size before relaxing)
 .comment       0x0000000000000000       0x4f src/tertiary_text.c.1.o
 .comment       0x0000000000000000       0x4f /Users/Ricky/pebble-dev/arm-cs-tools/bin/../lib/gcc/arm-none-eabi/4.6.3/../../../../arm-none-eabi/lib/thumb2/libc.a(lib_a-memset.o)
 .comment       0x0000000000000000       0x4f /Users/Ricky/pebble-dev/arm-cs-tools/bin/../lib/gcc/arm-none-eabi/4.6.3/thumb2/crtend.o

.debug_line     0x0000000000000000      0x355
 .debug_line    0x0000000000000000       0x71 /Users/Ricky/pebble-dev/arm-cs-tools/bin/../lib/gcc/arm-none-eabi/4.6.3/thumb2/crti.o
 .debug_line    0x0000000000000071      0x26f src/tertiary_text.c.1.o
 .debug_line    0x00000000000002e0       0x75 /Users/Ricky/pebble-dev/arm-cs-tools/bin/../lib/gcc/arm-none-eabi/4.6.3/thumb2/crtn.o

.debug_info     0x0000000000000000     0x17ab
 .debug_info    0x0000000000000000       0xb2 /Users/Ricky/pebble-dev/arm-cs-tools/bin/../lib/gcc/arm-none-eabi/4.6.3/thumb2/crti.o
 .debug_info    0x00000000000000b2     0x1647 src/tertiary_text.c.1.o
 .debug_info    0x00000000000016f9       0xb2 /Users/Ricky/pebble-dev/arm-cs-tools/bin/../lib/gcc/arm-none-eabi/4.6.3/thumb2/crtn.o

.debug_abbrev   0x0000000000000000      0x2ae
 .debug_abbrev  0x0000000000000000       0x12 /Users/Ricky/pebble-dev/arm-cs-tools/bin/../lib/gcc/arm-none-eabi/4.6.3/thumb2/crti.o
 .debug_abbrev  0x0000000000000012      0x28a src/tertiary_text.c.1.o
 .debug_abbrev  0x000000000000029c       0x12 /Users/Ricky/pebble-dev/arm-cs-tools/bin/../lib/gcc/arm-none-eabi/4.6.3/thumb2/crtn.o

.debug_aranges  0x0000000000000000       0x70
 .debug_aranges
                0x0000000000000000       0x28 /Users/Ricky/pebble-dev/arm-cs-tools/bin/../lib/gcc/arm-none-eabi/4.6.3/thumb2/crti.o
 .debug_aranges
                0x0000000000000028       0x20 src/tertiary_text.c.1.o
 .debug_aranges
                0x0000000000000048       0x28 /Users/Ricky/pebble-dev/arm-cs-tools/bin/../lib/gcc/arm-none-eabi/4.6.3/thumb2/crtn.o

.debug_ranges   0x0000000000000000       0x40
 .debug_ranges  0x0000000000000000       0x20 /Users/Ricky/pebble-dev/arm-cs-tools/bin/../lib/gcc/arm-none-eabi/4.6.3/thumb2/crti.o
 .debug_ranges  0x0000000000000020       0x20 /Users/Ricky/pebble-dev/arm-cs-tools/bin/../lib/gcc/arm-none-eabi/4.6.3/thumb2/crtn.o

.debug_loc      0x0000000000000000      0x326
 .debug_loc     0x0000000000000000      0x326 src/tertiary_text.c.1.o

.debug_str      0x0000000000000000      0xc8f
 .debug_str     0x0000000000000000      0xc8f src/tertiary_text.c.1.o
                                        0xd67 (size before relaxing)

.debug_frame    0x0000000000000000      0x1e4
 .debug_frame   0x0000000000000000      0x1e4 src/tertiary_text.c.1.o
