Archive member included because of file (symbol)

/Users/Ricky/pebble-dev/PebbleSDK-2.0-BETA5/Pebble/lib/libpebble.a(tmpwpRC2ipebble.o)
                              src/tertiary_text.c.7.o (app_event_loop)

Discarded input sections

 .text          0x0000000000000000        0x0 /Users/Ricky/pebble-dev/arm-cs-tools/bin/../lib/gcc/arm-none-eabi/4.7.2/thumb2/crti.o
 .bss           0x0000000000000000        0x0 /Users/Ricky/pebble-dev/arm-cs-tools/bin/../lib/gcc/arm-none-eabi/4.7.2/thumb2/crti.o
 .init          0x0000000000000000        0x4 /Users/Ricky/pebble-dev/arm-cs-tools/bin/../lib/gcc/arm-none-eabi/4.7.2/thumb2/crti.o
 .fini          0x0000000000000000        0x4 /Users/Ricky/pebble-dev/arm-cs-tools/bin/../lib/gcc/arm-none-eabi/4.7.2/thumb2/crti.o
 .text          0x0000000000000000       0xc8 /Users/Ricky/pebble-dev/arm-cs-tools/bin/../lib/gcc/arm-none-eabi/4.7.2/thumb2/crtbegin.o
 .bss           0x0000000000000000       0x1c /Users/Ricky/pebble-dev/arm-cs-tools/bin/../lib/gcc/arm-none-eabi/4.7.2/thumb2/crtbegin.o
 .init_array    0x0000000000000000        0x4 /Users/Ricky/pebble-dev/arm-cs-tools/bin/../lib/gcc/arm-none-eabi/4.7.2/thumb2/crtbegin.o
 .fini_array    0x0000000000000000        0x4 /Users/Ricky/pebble-dev/arm-cs-tools/bin/../lib/gcc/arm-none-eabi/4.7.2/thumb2/crtbegin.o
 .eh_frame      0x0000000000000000        0x0 /Users/Ricky/pebble-dev/arm-cs-tools/bin/../lib/gcc/arm-none-eabi/4.7.2/thumb2/crtbegin.o
 .jcr           0x0000000000000000        0x0 /Users/Ricky/pebble-dev/arm-cs-tools/bin/../lib/gcc/arm-none-eabi/4.7.2/thumb2/crtbegin.o
 .tm_clone_table
                0x0000000000000000        0x0 /Users/Ricky/pebble-dev/arm-cs-tools/bin/../lib/gcc/arm-none-eabi/4.7.2/thumb2/crtbegin.o
 .text          0x0000000000000000        0x0 src/tertiary_text.c.7.o
 .bss           0x0000000000000000        0x0 src/tertiary_text.c.7.o
 .text          0x0000000000000000        0x0 appinfo.auto.c.7.o
 .bss           0x0000000000000000        0x0 appinfo.auto.c.7.o
 .bss           0x0000000000000000        0x0 /Users/Ricky/pebble-dev/PebbleSDK-2.0-BETA5/Pebble/lib/libpebble.a(tmpwpRC2ipebble.o)
 .text.accel_data_service_subscribe__deprecated
                0x0000000000000000        0xc /Users/Ricky/pebble-dev/PebbleSDK-2.0-BETA5/Pebble/lib/libpebble.a(tmpwpRC2ipebble.o)
 .text.accel_data_service_unsubscribe
                0x0000000000000000        0xc /Users/Ricky/pebble-dev/PebbleSDK-2.0-BETA5/Pebble/lib/libpebble.a(tmpwpRC2ipebble.o)
 .text.accel_service_peek
                0x0000000000000000        0xc /Users/Ricky/pebble-dev/PebbleSDK-2.0-BETA5/Pebble/lib/libpebble.a(tmpwpRC2ipebble.o)
 .text.accel_service_set_samples_per_update
                0x0000000000000000        0xc /Users/Ricky/pebble-dev/PebbleSDK-2.0-BETA5/Pebble/lib/libpebble.a(tmpwpRC2ipebble.o)
 .text.accel_service_set_sampling_rate
                0x0000000000000000        0xc /Users/Ricky/pebble-dev/PebbleSDK-2.0-BETA5/Pebble/lib/libpebble.a(tmpwpRC2ipebble.o)
 .text.accel_tap_service_subscribe
                0x0000000000000000        0xc /Users/Ricky/pebble-dev/PebbleSDK-2.0-BETA5/Pebble/lib/libpebble.a(tmpwpRC2ipebble.o)
 .text.accel_tap_service_unsubscribe
                0x0000000000000000        0xc /Users/Ricky/pebble-dev/PebbleSDK-2.0-BETA5/Pebble/lib/libpebble.a(tmpwpRC2ipebble.o)
 .text.action_bar_layer_add_to_window
                0x0000000000000000        0xc /Users/Ricky/pebble-dev/PebbleSDK-2.0-BETA5/Pebble/lib/libpebble.a(tmpwpRC2ipebble.o)
 .text.action_bar_layer_clear_icon
                0x0000000000000000        0xc /Users/Ricky/pebble-dev/PebbleSDK-2.0-BETA5/Pebble/lib/libpebble.a(tmpwpRC2ipebble.o)
 .text.action_bar_layer_create
                0x0000000000000000        0xc /Users/Ricky/pebble-dev/PebbleSDK-2.0-BETA5/Pebble/lib/libpebble.a(tmpwpRC2ipebble.o)
 .text.action_bar_layer_destroy
                0x0000000000000000        0xc /Users/Ricky/pebble-dev/PebbleSDK-2.0-BETA5/Pebble/lib/libpebble.a(tmpwpRC2ipebble.o)
 .text.action_bar_layer_get_layer
                0x0000000000000000        0xc /Users/Ricky/pebble-dev/PebbleSDK-2.0-BETA5/Pebble/lib/libpebble.a(tmpwpRC2ipebble.o)
 .text.action_bar_layer_remove_from_window
                0x0000000000000000        0xc /Users/Ricky/pebble-dev/PebbleSDK-2.0-BETA5/Pebble/lib/libpebble.a(tmpwpRC2ipebble.o)
 .text.action_bar_layer_set_background_color
                0x0000000000000000        0xc /Users/Ricky/pebble-dev/PebbleSDK-2.0-BETA5/Pebble/lib/libpebble.a(tmpwpRC2ipebble.o)
 .text.action_bar_layer_set_click_config_provider
                0x0000000000000000        0xc /Users/Ricky/pebble-dev/PebbleSDK-2.0-BETA5/Pebble/lib/libpebble.a(tmpwpRC2ipebble.o)
 .text.action_bar_layer_set_context
                0x0000000000000000        0xc /Users/Ricky/pebble-dev/PebbleSDK-2.0-BETA5/Pebble/lib/libpebble.a(tmpwpRC2ipebble.o)
 .text.action_bar_layer_set_icon
                0x0000000000000000        0xc /Users/Ricky/pebble-dev/PebbleSDK-2.0-BETA5/Pebble/lib/libpebble.a(tmpwpRC2ipebble.o)
 .text.animation_create
                0x0000000000000000        0xc /Users/Ricky/pebble-dev/PebbleSDK-2.0-BETA5/Pebble/lib/libpebble.a(tmpwpRC2ipebble.o)
 .text.animation_destroy
                0x0000000000000000        0xc /Users/Ricky/pebble-dev/PebbleSDK-2.0-BETA5/Pebble/lib/libpebble.a(tmpwpRC2ipebble.o)
 .text.animation_get_context
                0x0000000000000000        0xc /Users/Ricky/pebble-dev/PebbleSDK-2.0-BETA5/Pebble/lib/libpebble.a(tmpwpRC2ipebble.o)
 .text.animation_is_scheduled
                0x0000000000000000        0xc /Users/Ricky/pebble-dev/PebbleSDK-2.0-BETA5/Pebble/lib/libpebble.a(tmpwpRC2ipebble.o)
 .text.animation_schedule
                0x0000000000000000        0xc /Users/Ricky/pebble-dev/PebbleSDK-2.0-BETA5/Pebble/lib/libpebble.a(tmpwpRC2ipebble.o)
 .text.animation_set_curve
                0x0000000000000000        0xc /Users/Ricky/pebble-dev/PebbleSDK-2.0-BETA5/Pebble/lib/libpebble.a(tmpwpRC2ipebble.o)
 .text.animation_set_delay
                0x0000000000000000        0xc /Users/Ricky/pebble-dev/PebbleSDK-2.0-BETA5/Pebble/lib/libpebble.a(tmpwpRC2ipebble.o)
 .text.animation_set_duration
                0x0000000000000000        0xc /Users/Ricky/pebble-dev/PebbleSDK-2.0-BETA5/Pebble/lib/libpebble.a(tmpwpRC2ipebble.o)
 .text.animation_set_handlers
                0x0000000000000000        0xc /Users/Ricky/pebble-dev/PebbleSDK-2.0-BETA5/Pebble/lib/libpebble.a(tmpwpRC2ipebble.o)
 .text.animation_set_implementation
                0x0000000000000000        0xc /Users/Ricky/pebble-dev/PebbleSDK-2.0-BETA5/Pebble/lib/libpebble.a(tmpwpRC2ipebble.o)
 .text.animation_unschedule
                0x0000000000000000        0xc /Users/Ricky/pebble-dev/PebbleSDK-2.0-BETA5/Pebble/lib/libpebble.a(tmpwpRC2ipebble.o)
 .text.animation_unschedule_all
                0x0000000000000000        0xc /Users/Ricky/pebble-dev/PebbleSDK-2.0-BETA5/Pebble/lib/libpebble.a(tmpwpRC2ipebble.o)
 .text.app_comm_get_sniff_interval
                0x0000000000000000        0xc /Users/Ricky/pebble-dev/PebbleSDK-2.0-BETA5/Pebble/lib/libpebble.a(tmpwpRC2ipebble.o)
 .text.app_comm_set_sniff_interval
                0x0000000000000000        0xc /Users/Ricky/pebble-dev/PebbleSDK-2.0-BETA5/Pebble/lib/libpebble.a(tmpwpRC2ipebble.o)
 .text.app_log  0x0000000000000000        0xc /Users/Ricky/pebble-dev/PebbleSDK-2.0-BETA5/Pebble/lib/libpebble.a(tmpwpRC2ipebble.o)
 .text.app_message_deregister_callbacks
                0x0000000000000000        0xc /Users/Ricky/pebble-dev/PebbleSDK-2.0-BETA5/Pebble/lib/libpebble.a(tmpwpRC2ipebble.o)
 .text.app_message_open
                0x0000000000000000        0xc /Users/Ricky/pebble-dev/PebbleSDK-2.0-BETA5/Pebble/lib/libpebble.a(tmpwpRC2ipebble.o)
 .text.app_sync_deinit
                0x0000000000000000        0xc /Users/Ricky/pebble-dev/PebbleSDK-2.0-BETA5/Pebble/lib/libpebble.a(tmpwpRC2ipebble.o)
 .text.app_sync_get
                0x0000000000000000        0xc /Users/Ricky/pebble-dev/PebbleSDK-2.0-BETA5/Pebble/lib/libpebble.a(tmpwpRC2ipebble.o)
 .text.app_sync_init
                0x0000000000000000        0xc /Users/Ricky/pebble-dev/PebbleSDK-2.0-BETA5/Pebble/lib/libpebble.a(tmpwpRC2ipebble.o)
 .text.app_sync_set
                0x0000000000000000        0xc /Users/Ricky/pebble-dev/PebbleSDK-2.0-BETA5/Pebble/lib/libpebble.a(tmpwpRC2ipebble.o)
 .text.app_timer_cancel
                0x0000000000000000        0xc /Users/Ricky/pebble-dev/PebbleSDK-2.0-BETA5/Pebble/lib/libpebble.a(tmpwpRC2ipebble.o)
 .text.app_timer_register
                0x0000000000000000        0xc /Users/Ricky/pebble-dev/PebbleSDK-2.0-BETA5/Pebble/lib/libpebble.a(tmpwpRC2ipebble.o)
 .text.app_timer_reschedule
                0x0000000000000000        0xc /Users/Ricky/pebble-dev/PebbleSDK-2.0-BETA5/Pebble/lib/libpebble.a(tmpwpRC2ipebble.o)
 .text.atan2_lookup
                0x0000000000000000        0xc /Users/Ricky/pebble-dev/PebbleSDK-2.0-BETA5/Pebble/lib/libpebble.a(tmpwpRC2ipebble.o)
 .text.atoi     0x0000000000000000        0xc /Users/Ricky/pebble-dev/PebbleSDK-2.0-BETA5/Pebble/lib/libpebble.a(tmpwpRC2ipebble.o)
 .text.atol     0x0000000000000000        0xc /Users/Ricky/pebble-dev/PebbleSDK-2.0-BETA5/Pebble/lib/libpebble.a(tmpwpRC2ipebble.o)
 .text.battery_state_service_peek
                0x0000000000000000        0xc /Users/Ricky/pebble-dev/PebbleSDK-2.0-BETA5/Pebble/lib/libpebble.a(tmpwpRC2ipebble.o)
 .text.battery_state_service_subscribe
                0x0000000000000000        0xc /Users/Ricky/pebble-dev/PebbleSDK-2.0-BETA5/Pebble/lib/libpebble.a(tmpwpRC2ipebble.o)
 .text.battery_state_service_unsubscribe
                0x0000000000000000        0xc /Users/Ricky/pebble-dev/PebbleSDK-2.0-BETA5/Pebble/lib/libpebble.a(tmpwpRC2ipebble.o)
 .text.bitmap_layer_create
                0x0000000000000000        0xc /Users/Ricky/pebble-dev/PebbleSDK-2.0-BETA5/Pebble/lib/libpebble.a(tmpwpRC2ipebble.o)
 .text.bitmap_layer_destroy
                0x0000000000000000        0xc /Users/Ricky/pebble-dev/PebbleSDK-2.0-BETA5/Pebble/lib/libpebble.a(tmpwpRC2ipebble.o)
 .text.bitmap_layer_get_layer
                0x0000000000000000        0xc /Users/Ricky/pebble-dev/PebbleSDK-2.0-BETA5/Pebble/lib/libpebble.a(tmpwpRC2ipebble.o)
 .text.bitmap_layer_set_alignment
                0x0000000000000000        0xc /Users/Ricky/pebble-dev/PebbleSDK-2.0-BETA5/Pebble/lib/libpebble.a(tmpwpRC2ipebble.o)
 .text.bitmap_layer_set_background_color
                0x0000000000000000        0xc /Users/Ricky/pebble-dev/PebbleSDK-2.0-BETA5/Pebble/lib/libpebble.a(tmpwpRC2ipebble.o)
 .text.bitmap_layer_set_bitmap
                0x0000000000000000        0xc /Users/Ricky/pebble-dev/PebbleSDK-2.0-BETA5/Pebble/lib/libpebble.a(tmpwpRC2ipebble.o)
 .text.bitmap_layer_set_compositing_mode
                0x0000000000000000        0xc /Users/Ricky/pebble-dev/PebbleSDK-2.0-BETA5/Pebble/lib/libpebble.a(tmpwpRC2ipebble.o)
 .text.bluetooth_connection_service_peek
                0x0000000000000000        0xc /Users/Ricky/pebble-dev/PebbleSDK-2.0-BETA5/Pebble/lib/libpebble.a(tmpwpRC2ipebble.o)
 .text.bluetooth_connection_service_subscribe
                0x0000000000000000        0xc /Users/Ricky/pebble-dev/PebbleSDK-2.0-BETA5/Pebble/lib/libpebble.a(tmpwpRC2ipebble.o)
 .text.bluetooth_connection_service_unsubscribe
                0x0000000000000000        0xc /Users/Ricky/pebble-dev/PebbleSDK-2.0-BETA5/Pebble/lib/libpebble.a(tmpwpRC2ipebble.o)
 .text.click_number_of_clicks_counted
                0x0000000000000000        0xc /Users/Ricky/pebble-dev/PebbleSDK-2.0-BETA5/Pebble/lib/libpebble.a(tmpwpRC2ipebble.o)
 .text.click_recognizer_get_button_id
                0x0000000000000000        0xc /Users/Ricky/pebble-dev/PebbleSDK-2.0-BETA5/Pebble/lib/libpebble.a(tmpwpRC2ipebble.o)
 .text.clock_copy_time_string
                0x0000000000000000        0xc /Users/Ricky/pebble-dev/PebbleSDK-2.0-BETA5/Pebble/lib/libpebble.a(tmpwpRC2ipebble.o)
 .text.clock_is_24h_style
                0x0000000000000000        0xc /Users/Ricky/pebble-dev/PebbleSDK-2.0-BETA5/Pebble/lib/libpebble.a(tmpwpRC2ipebble.o)
 .text.cos_lookup
                0x0000000000000000        0xc /Users/Ricky/pebble-dev/PebbleSDK-2.0-BETA5/Pebble/lib/libpebble.a(tmpwpRC2ipebble.o)
 .text.data_logging_create
                0x0000000000000000        0xc /Users/Ricky/pebble-dev/PebbleSDK-2.0-BETA5/Pebble/lib/libpebble.a(tmpwpRC2ipebble.o)
 .text.data_logging_finish
                0x0000000000000000        0xc /Users/Ricky/pebble-dev/PebbleSDK-2.0-BETA5/Pebble/lib/libpebble.a(tmpwpRC2ipebble.o)
 .text.data_logging_log
                0x0000000000000000        0xc /Users/Ricky/pebble-dev/PebbleSDK-2.0-BETA5/Pebble/lib/libpebble.a(tmpwpRC2ipebble.o)
 .text.dict_calc_buffer_size
                0x0000000000000000        0xc /Users/Ricky/pebble-dev/PebbleSDK-2.0-BETA5/Pebble/lib/libpebble.a(tmpwpRC2ipebble.o)
 .text.dict_calc_buffer_size_from_tuplets
                0x0000000000000000        0xc /Users/Ricky/pebble-dev/PebbleSDK-2.0-BETA5/Pebble/lib/libpebble.a(tmpwpRC2ipebble.o)
 .text.dict_find
                0x0000000000000000        0xc /Users/Ricky/pebble-dev/PebbleSDK-2.0-BETA5/Pebble/lib/libpebble.a(tmpwpRC2ipebble.o)
 .text.dict_merge
                0x0000000000000000        0xc /Users/Ricky/pebble-dev/PebbleSDK-2.0-BETA5/Pebble/lib/libpebble.a(tmpwpRC2ipebble.o)
 .text.dict_read_begin_from_buffer
                0x0000000000000000        0xc /Users/Ricky/pebble-dev/PebbleSDK-2.0-BETA5/Pebble/lib/libpebble.a(tmpwpRC2ipebble.o)
 .text.dict_read_first
                0x0000000000000000        0xc /Users/Ricky/pebble-dev/PebbleSDK-2.0-BETA5/Pebble/lib/libpebble.a(tmpwpRC2ipebble.o)
 .text.dict_read_next
                0x0000000000000000        0xc /Users/Ricky/pebble-dev/PebbleSDK-2.0-BETA5/Pebble/lib/libpebble.a(tmpwpRC2ipebble.o)
 .text.dict_serialize_tuplets
                0x0000000000000000        0xc /Users/Ricky/pebble-dev/PebbleSDK-2.0-BETA5/Pebble/lib/libpebble.a(tmpwpRC2ipebble.o)
 .text.dict_serialize_tuplets_to_buffer__deprecated
                0x0000000000000000        0xc /Users/Ricky/pebble-dev/PebbleSDK-2.0-BETA5/Pebble/lib/libpebble.a(tmpwpRC2ipebble.o)
 .text.dict_serialize_tuplets_to_buffer_with_iter
                0x0000000000000000        0xc /Users/Ricky/pebble-dev/PebbleSDK-2.0-BETA5/Pebble/lib/libpebble.a(tmpwpRC2ipebble.o)
 .text.dict_write_begin
                0x0000000000000000        0xc /Users/Ricky/pebble-dev/PebbleSDK-2.0-BETA5/Pebble/lib/libpebble.a(tmpwpRC2ipebble.o)
 .text.dict_write_cstring
                0x0000000000000000        0xc /Users/Ricky/pebble-dev/PebbleSDK-2.0-BETA5/Pebble/lib/libpebble.a(tmpwpRC2ipebble.o)
 .text.dict_write_data
                0x0000000000000000        0xc /Users/Ricky/pebble-dev/PebbleSDK-2.0-BETA5/Pebble/lib/libpebble.a(tmpwpRC2ipebble.o)
 .text.dict_write_end
                0x0000000000000000        0xc /Users/Ricky/pebble-dev/PebbleSDK-2.0-BETA5/Pebble/lib/libpebble.a(tmpwpRC2ipebble.o)
 .text.dict_write_int
                0x0000000000000000        0xc /Users/Ricky/pebble-dev/PebbleSDK-2.0-BETA5/Pebble/lib/libpebble.a(tmpwpRC2ipebble.o)
 .text.dict_write_int16
                0x0000000000000000        0xc /Users/Ricky/pebble-dev/PebbleSDK-2.0-BETA5/Pebble/lib/libpebble.a(tmpwpRC2ipebble.o)
 .text.dict_write_int32
                0x0000000000000000        0xc /Users/Ricky/pebble-dev/PebbleSDK-2.0-BETA5/Pebble/lib/libpebble.a(tmpwpRC2ipebble.o)
 .text.dict_write_int8
                0x0000000000000000        0xc /Users/Ricky/pebble-dev/PebbleSDK-2.0-BETA5/Pebble/lib/libpebble.a(tmpwpRC2ipebble.o)
 .text.dict_write_tuplet
                0x0000000000000000        0xc /Users/Ricky/pebble-dev/PebbleSDK-2.0-BETA5/Pebble/lib/libpebble.a(tmpwpRC2ipebble.o)
 .text.dict_write_uint16
                0x0000000000000000        0xc /Users/Ricky/pebble-dev/PebbleSDK-2.0-BETA5/Pebble/lib/libpebble.a(tmpwpRC2ipebble.o)
 .text.dict_write_uint32
                0x0000000000000000        0xc /Users/Ricky/pebble-dev/PebbleSDK-2.0-BETA5/Pebble/lib/libpebble.a(tmpwpRC2ipebble.o)
 .text.dict_write_uint8
                0x0000000000000000        0xc /Users/Ricky/pebble-dev/PebbleSDK-2.0-BETA5/Pebble/lib/libpebble.a(tmpwpRC2ipebble.o)
 .text.fonts_load_custom_font
                0x0000000000000000        0xc /Users/Ricky/pebble-dev/PebbleSDK-2.0-BETA5/Pebble/lib/libpebble.a(tmpwpRC2ipebble.o)
 .text.fonts_unload_custom_font
                0x0000000000000000        0xc /Users/Ricky/pebble-dev/PebbleSDK-2.0-BETA5/Pebble/lib/libpebble.a(tmpwpRC2ipebble.o)
 .text.free     0x0000000000000000        0xc /Users/Ricky/pebble-dev/PebbleSDK-2.0-BETA5/Pebble/lib/libpebble.a(tmpwpRC2ipebble.o)
 .text.gbitmap_create_as_sub_bitmap
                0x0000000000000000        0xc /Users/Ricky/pebble-dev/PebbleSDK-2.0-BETA5/Pebble/lib/libpebble.a(tmpwpRC2ipebble.o)
 .text.gbitmap_create_with_data
                0x0000000000000000        0xc /Users/Ricky/pebble-dev/PebbleSDK-2.0-BETA5/Pebble/lib/libpebble.a(tmpwpRC2ipebble.o)
 .text.gbitmap_create_with_resource
                0x0000000000000000        0xc /Users/Ricky/pebble-dev/PebbleSDK-2.0-BETA5/Pebble/lib/libpebble.a(tmpwpRC2ipebble.o)
 .text.gbitmap_destroy
                0x0000000000000000        0xc /Users/Ricky/pebble-dev/PebbleSDK-2.0-BETA5/Pebble/lib/libpebble.a(tmpwpRC2ipebble.o)
 .text.gmtime   0x0000000000000000        0xc /Users/Ricky/pebble-dev/PebbleSDK-2.0-BETA5/Pebble/lib/libpebble.a(tmpwpRC2ipebble.o)
 .text.gpath_create
                0x0000000000000000        0xc /Users/Ricky/pebble-dev/PebbleSDK-2.0-BETA5/Pebble/lib/libpebble.a(tmpwpRC2ipebble.o)
 .text.gpath_destroy
                0x0000000000000000        0xc /Users/Ricky/pebble-dev/PebbleSDK-2.0-BETA5/Pebble/lib/libpebble.a(tmpwpRC2ipebble.o)
 .text.gpath_draw_filled
                0x0000000000000000        0xc /Users/Ricky/pebble-dev/PebbleSDK-2.0-BETA5/Pebble/lib/libpebble.a(tmpwpRC2ipebble.o)
 .text.gpath_draw_outline
                0x0000000000000000        0xc /Users/Ricky/pebble-dev/PebbleSDK-2.0-BETA5/Pebble/lib/libpebble.a(tmpwpRC2ipebble.o)
 .text.gpath_move_to
                0x0000000000000000        0xc /Users/Ricky/pebble-dev/PebbleSDK-2.0-BETA5/Pebble/lib/libpebble.a(tmpwpRC2ipebble.o)
 .text.gpath_rotate_to
                0x0000000000000000        0xc /Users/Ricky/pebble-dev/PebbleSDK-2.0-BETA5/Pebble/lib/libpebble.a(tmpwpRC2ipebble.o)
 .text.gpoint_equal
                0x0000000000000000        0xc /Users/Ricky/pebble-dev/PebbleSDK-2.0-BETA5/Pebble/lib/libpebble.a(tmpwpRC2ipebble.o)
 .text.graphics_context_set_compositing_mode
                0x0000000000000000        0xc /Users/Ricky/pebble-dev/PebbleSDK-2.0-BETA5/Pebble/lib/libpebble.a(tmpwpRC2ipebble.o)
 .text.graphics_context_set_fill_color
                0x0000000000000000        0xc /Users/Ricky/pebble-dev/PebbleSDK-2.0-BETA5/Pebble/lib/libpebble.a(tmpwpRC2ipebble.o)
 .text.graphics_context_set_stroke_color
                0x0000000000000000        0xc /Users/Ricky/pebble-dev/PebbleSDK-2.0-BETA5/Pebble/lib/libpebble.a(tmpwpRC2ipebble.o)
 .text.graphics_context_set_text_color
                0x0000000000000000        0xc /Users/Ricky/pebble-dev/PebbleSDK-2.0-BETA5/Pebble/lib/libpebble.a(tmpwpRC2ipebble.o)
 .text.graphics_draw_bitmap_in_rect
                0x0000000000000000        0xc /Users/Ricky/pebble-dev/PebbleSDK-2.0-BETA5/Pebble/lib/libpebble.a(tmpwpRC2ipebble.o)
 .text.graphics_draw_circle
                0x0000000000000000        0xc /Users/Ricky/pebble-dev/PebbleSDK-2.0-BETA5/Pebble/lib/libpebble.a(tmpwpRC2ipebble.o)
 .text.graphics_draw_line
                0x0000000000000000        0xc /Users/Ricky/pebble-dev/PebbleSDK-2.0-BETA5/Pebble/lib/libpebble.a(tmpwpRC2ipebble.o)
 .text.graphics_draw_pixel
                0x0000000000000000        0xc /Users/Ricky/pebble-dev/PebbleSDK-2.0-BETA5/Pebble/lib/libpebble.a(tmpwpRC2ipebble.o)
 .text.graphics_draw_rect
                0x0000000000000000        0xc /Users/Ricky/pebble-dev/PebbleSDK-2.0-BETA5/Pebble/lib/libpebble.a(tmpwpRC2ipebble.o)
 .text.graphics_draw_round_rect
                0x0000000000000000        0xc /Users/Ricky/pebble-dev/PebbleSDK-2.0-BETA5/Pebble/lib/libpebble.a(tmpwpRC2ipebble.o)
 .text.graphics_fill_circle
                0x0000000000000000        0xc /Users/Ricky/pebble-dev/PebbleSDK-2.0-BETA5/Pebble/lib/libpebble.a(tmpwpRC2ipebble.o)
 .text.graphics_fill_rect
                0x0000000000000000        0xc /Users/Ricky/pebble-dev/PebbleSDK-2.0-BETA5/Pebble/lib/libpebble.a(tmpwpRC2ipebble.o)
 .text.graphics_text_layout_get_max_used_size
                0x0000000000000000        0xc /Users/Ricky/pebble-dev/PebbleSDK-2.0-BETA5/Pebble/lib/libpebble.a(tmpwpRC2ipebble.o)
 .text.grect_align
                0x0000000000000000        0xc /Users/Ricky/pebble-dev/PebbleSDK-2.0-BETA5/Pebble/lib/libpebble.a(tmpwpRC2ipebble.o)
 .text.grect_center_point
                0x0000000000000000        0xc /Users/Ricky/pebble-dev/PebbleSDK-2.0-BETA5/Pebble/lib/libpebble.a(tmpwpRC2ipebble.o)
 .text.grect_clip
                0x0000000000000000        0xc /Users/Ricky/pebble-dev/PebbleSDK-2.0-BETA5/Pebble/lib/libpebble.a(tmpwpRC2ipebble.o)
 .text.grect_contains_point
                0x0000000000000000        0xc /Users/Ricky/pebble-dev/PebbleSDK-2.0-BETA5/Pebble/lib/libpebble.a(tmpwpRC2ipebble.o)
 .text.grect_crop
                0x0000000000000000        0xc /Users/Ricky/pebble-dev/PebbleSDK-2.0-BETA5/Pebble/lib/libpebble.a(tmpwpRC2ipebble.o)
 .text.grect_equal
                0x0000000000000000        0xc /Users/Ricky/pebble-dev/PebbleSDK-2.0-BETA5/Pebble/lib/libpebble.a(tmpwpRC2ipebble.o)
 .text.grect_is_empty
                0x0000000000000000        0xc /Users/Ricky/pebble-dev/PebbleSDK-2.0-BETA5/Pebble/lib/libpebble.a(tmpwpRC2ipebble.o)
 .text.grect_standardize
                0x0000000000000000        0xc /Users/Ricky/pebble-dev/PebbleSDK-2.0-BETA5/Pebble/lib/libpebble.a(tmpwpRC2ipebble.o)
 .text.gsize_equal
                0x0000000000000000        0xc /Users/Ricky/pebble-dev/PebbleSDK-2.0-BETA5/Pebble/lib/libpebble.a(tmpwpRC2ipebble.o)
 .text.inverter_layer_create
                0x0000000000000000        0xc /Users/Ricky/pebble-dev/PebbleSDK-2.0-BETA5/Pebble/lib/libpebble.a(tmpwpRC2ipebble.o)
 .text.inverter_layer_destroy
                0x0000000000000000        0xc /Users/Ricky/pebble-dev/PebbleSDK-2.0-BETA5/Pebble/lib/libpebble.a(tmpwpRC2ipebble.o)
 .text.inverter_layer_get_layer
                0x0000000000000000        0xc /Users/Ricky/pebble-dev/PebbleSDK-2.0-BETA5/Pebble/lib/libpebble.a(tmpwpRC2ipebble.o)
 .text.layer_create
                0x0000000000000000        0xc /Users/Ricky/pebble-dev/PebbleSDK-2.0-BETA5/Pebble/lib/libpebble.a(tmpwpRC2ipebble.o)
 .text.layer_create_with_data
                0x0000000000000000        0xc /Users/Ricky/pebble-dev/PebbleSDK-2.0-BETA5/Pebble/lib/libpebble.a(tmpwpRC2ipebble.o)
 .text.layer_destroy
                0x0000000000000000        0xc /Users/Ricky/pebble-dev/PebbleSDK-2.0-BETA5/Pebble/lib/libpebble.a(tmpwpRC2ipebble.o)
 .text.layer_get_clips
                0x0000000000000000        0xc /Users/Ricky/pebble-dev/PebbleSDK-2.0-BETA5/Pebble/lib/libpebble.a(tmpwpRC2ipebble.o)
 .text.layer_get_data
                0x0000000000000000        0xc /Users/Ricky/pebble-dev/PebbleSDK-2.0-BETA5/Pebble/lib/libpebble.a(tmpwpRC2ipebble.o)
 .text.layer_get_frame
                0x0000000000000000        0xc /Users/Ricky/pebble-dev/PebbleSDK-2.0-BETA5/Pebble/lib/libpebble.a(tmpwpRC2ipebble.o)
 .text.layer_get_hidden
                0x0000000000000000        0xc /Users/Ricky/pebble-dev/PebbleSDK-2.0-BETA5/Pebble/lib/libpebble.a(tmpwpRC2ipebble.o)
 .text.layer_get_window
                0x0000000000000000        0xc /Users/Ricky/pebble-dev/PebbleSDK-2.0-BETA5/Pebble/lib/libpebble.a(tmpwpRC2ipebble.o)
 .text.layer_insert_above_sibling
                0x0000000000000000        0xc /Users/Ricky/pebble-dev/PebbleSDK-2.0-BETA5/Pebble/lib/libpebble.a(tmpwpRC2ipebble.o)
 .text.layer_insert_below_sibling
                0x0000000000000000        0xc /Users/Ricky/pebble-dev/PebbleSDK-2.0-BETA5/Pebble/lib/libpebble.a(tmpwpRC2ipebble.o)
 .text.layer_mark_dirty
                0x0000000000000000        0xc /Users/Ricky/pebble-dev/PebbleSDK-2.0-BETA5/Pebble/lib/libpebble.a(tmpwpRC2ipebble.o)
 .text.layer_remove_child_layers
                0x0000000000000000        0xc /Users/Ricky/pebble-dev/PebbleSDK-2.0-BETA5/Pebble/lib/libpebble.a(tmpwpRC2ipebble.o)
 .text.layer_remove_from_parent
                0x0000000000000000        0xc /Users/Ricky/pebble-dev/PebbleSDK-2.0-BETA5/Pebble/lib/libpebble.a(tmpwpRC2ipebble.o)
 .text.layer_set_bounds
                0x0000000000000000        0xc /Users/Ricky/pebble-dev/PebbleSDK-2.0-BETA5/Pebble/lib/libpebble.a(tmpwpRC2ipebble.o)
 .text.layer_set_clips
                0x0000000000000000        0xc /Users/Ricky/pebble-dev/PebbleSDK-2.0-BETA5/Pebble/lib/libpebble.a(tmpwpRC2ipebble.o)
 .text.layer_set_frame
                0x0000000000000000        0xc /Users/Ricky/pebble-dev/PebbleSDK-2.0-BETA5/Pebble/lib/libpebble.a(tmpwpRC2ipebble.o)
 .text.layer_set_hidden
                0x0000000000000000        0xc /Users/Ricky/pebble-dev/PebbleSDK-2.0-BETA5/Pebble/lib/libpebble.a(tmpwpRC2ipebble.o)
 .text.layer_set_update_proc
                0x0000000000000000        0xc /Users/Ricky/pebble-dev/PebbleSDK-2.0-BETA5/Pebble/lib/libpebble.a(tmpwpRC2ipebble.o)
 .text.light_enable
                0x0000000000000000        0xc /Users/Ricky/pebble-dev/PebbleSDK-2.0-BETA5/Pebble/lib/libpebble.a(tmpwpRC2ipebble.o)
 .text.light_enable_interaction
                0x0000000000000000        0xc /Users/Ricky/pebble-dev/PebbleSDK-2.0-BETA5/Pebble/lib/libpebble.a(tmpwpRC2ipebble.o)
 .text.localtime
                0x0000000000000000        0xc /Users/Ricky/pebble-dev/PebbleSDK-2.0-BETA5/Pebble/lib/libpebble.a(tmpwpRC2ipebble.o)
 .text.malloc   0x0000000000000000        0xc /Users/Ricky/pebble-dev/PebbleSDK-2.0-BETA5/Pebble/lib/libpebble.a(tmpwpRC2ipebble.o)
 .text.memcpy   0x0000000000000000        0xc /Users/Ricky/pebble-dev/PebbleSDK-2.0-BETA5/Pebble/lib/libpebble.a(tmpwpRC2ipebble.o)
 .text.memmove  0x0000000000000000        0xc /Users/Ricky/pebble-dev/PebbleSDK-2.0-BETA5/Pebble/lib/libpebble.a(tmpwpRC2ipebble.o)
 .text.menu_cell_basic_draw
                0x0000000000000000        0xc /Users/Ricky/pebble-dev/PebbleSDK-2.0-BETA5/Pebble/lib/libpebble.a(tmpwpRC2ipebble.o)
 .text.menu_cell_basic_header_draw
                0x0000000000000000        0xc /Users/Ricky/pebble-dev/PebbleSDK-2.0-BETA5/Pebble/lib/libpebble.a(tmpwpRC2ipebble.o)
 .text.menu_cell_title_draw
                0x0000000000000000        0xc /Users/Ricky/pebble-dev/PebbleSDK-2.0-BETA5/Pebble/lib/libpebble.a(tmpwpRC2ipebble.o)
 .text.menu_index_compare
                0x0000000000000000        0xc /Users/Ricky/pebble-dev/PebbleSDK-2.0-BETA5/Pebble/lib/libpebble.a(tmpwpRC2ipebble.o)
 .text.menu_layer_create
                0x0000000000000000        0xc /Users/Ricky/pebble-dev/PebbleSDK-2.0-BETA5/Pebble/lib/libpebble.a(tmpwpRC2ipebble.o)
 .text.menu_layer_destroy
                0x0000000000000000        0xc /Users/Ricky/pebble-dev/PebbleSDK-2.0-BETA5/Pebble/lib/libpebble.a(tmpwpRC2ipebble.o)
 .text.menu_layer_get_layer
                0x0000000000000000        0xc /Users/Ricky/pebble-dev/PebbleSDK-2.0-BETA5/Pebble/lib/libpebble.a(tmpwpRC2ipebble.o)
 .text.menu_layer_get_scroll_layer
                0x0000000000000000        0xc /Users/Ricky/pebble-dev/PebbleSDK-2.0-BETA5/Pebble/lib/libpebble.a(tmpwpRC2ipebble.o)
 .text.menu_layer_get_selected_index
                0x0000000000000000        0xc /Users/Ricky/pebble-dev/PebbleSDK-2.0-BETA5/Pebble/lib/libpebble.a(tmpwpRC2ipebble.o)
 .text.menu_layer_reload_data
                0x0000000000000000        0xc /Users/Ricky/pebble-dev/PebbleSDK-2.0-BETA5/Pebble/lib/libpebble.a(tmpwpRC2ipebble.o)
 .text.menu_layer_set_callbacks
                0x0000000000000000        0xc /Users/Ricky/pebble-dev/PebbleSDK-2.0-BETA5/Pebble/lib/libpebble.a(tmpwpRC2ipebble.o)
 .text.menu_layer_set_click_config_onto_window
                0x0000000000000000        0xc /Users/Ricky/pebble-dev/PebbleSDK-2.0-BETA5/Pebble/lib/libpebble.a(tmpwpRC2ipebble.o)
 .text.menu_layer_set_selected_index
                0x0000000000000000        0xc /Users/Ricky/pebble-dev/PebbleSDK-2.0-BETA5/Pebble/lib/libpebble.a(tmpwpRC2ipebble.o)
 .text.menu_layer_set_selected_next
                0x0000000000000000        0xc /Users/Ricky/pebble-dev/PebbleSDK-2.0-BETA5/Pebble/lib/libpebble.a(tmpwpRC2ipebble.o)
 .text.number_window_create
                0x0000000000000000        0xc /Users/Ricky/pebble-dev/PebbleSDK-2.0-BETA5/Pebble/lib/libpebble.a(tmpwpRC2ipebble.o)
 .text.number_window_destroy
                0x0000000000000000        0xc /Users/Ricky/pebble-dev/PebbleSDK-2.0-BETA5/Pebble/lib/libpebble.a(tmpwpRC2ipebble.o)
 .text.number_window_get_value
                0x0000000000000000        0xc /Users/Ricky/pebble-dev/PebbleSDK-2.0-BETA5/Pebble/lib/libpebble.a(tmpwpRC2ipebble.o)
 .text.number_window_set_label
                0x0000000000000000        0xc /Users/Ricky/pebble-dev/PebbleSDK-2.0-BETA5/Pebble/lib/libpebble.a(tmpwpRC2ipebble.o)
 .text.number_window_set_max
                0x0000000000000000        0xc /Users/Ricky/pebble-dev/PebbleSDK-2.0-BETA5/Pebble/lib/libpebble.a(tmpwpRC2ipebble.o)
 .text.number_window_set_min
                0x0000000000000000        0xc /Users/Ricky/pebble-dev/PebbleSDK-2.0-BETA5/Pebble/lib/libpebble.a(tmpwpRC2ipebble.o)
 .text.number_window_set_step_size
                0x0000000000000000        0xc /Users/Ricky/pebble-dev/PebbleSDK-2.0-BETA5/Pebble/lib/libpebble.a(tmpwpRC2ipebble.o)
 .text.number_window_set_value
                0x0000000000000000        0xc /Users/Ricky/pebble-dev/PebbleSDK-2.0-BETA5/Pebble/lib/libpebble.a(tmpwpRC2ipebble.o)
 .text.persist_delete
                0x0000000000000000        0xc /Users/Ricky/pebble-dev/PebbleSDK-2.0-BETA5/Pebble/lib/libpebble.a(tmpwpRC2ipebble.o)
 .text.persist_exists
                0x0000000000000000        0xc /Users/Ricky/pebble-dev/PebbleSDK-2.0-BETA5/Pebble/lib/libpebble.a(tmpwpRC2ipebble.o)
 .text.persist_get_size
                0x0000000000000000        0xc /Users/Ricky/pebble-dev/PebbleSDK-2.0-BETA5/Pebble/lib/libpebble.a(tmpwpRC2ipebble.o)
 .text.persist_read_bool
                0x0000000000000000        0xc /Users/Ricky/pebble-dev/PebbleSDK-2.0-BETA5/Pebble/lib/libpebble.a(tmpwpRC2ipebble.o)
 .text.persist_read_data__deprecated
                0x0000000000000000        0xc /Users/Ricky/pebble-dev/PebbleSDK-2.0-BETA5/Pebble/lib/libpebble.a(tmpwpRC2ipebble.o)
 .text.persist_read_int
                0x0000000000000000        0xc /Users/Ricky/pebble-dev/PebbleSDK-2.0-BETA5/Pebble/lib/libpebble.a(tmpwpRC2ipebble.o)
 .text.persist_read_string__deprecated
                0x0000000000000000        0xc /Users/Ricky/pebble-dev/PebbleSDK-2.0-BETA5/Pebble/lib/libpebble.a(tmpwpRC2ipebble.o)
 .text.persist_write_bool
                0x0000000000000000        0xc /Users/Ricky/pebble-dev/PebbleSDK-2.0-BETA5/Pebble/lib/libpebble.a(tmpwpRC2ipebble.o)
 .text.persist_write_data__deprecated
                0x0000000000000000        0xc /Users/Ricky/pebble-dev/PebbleSDK-2.0-BETA5/Pebble/lib/libpebble.a(tmpwpRC2ipebble.o)
 .text.persist_write_int
                0x0000000000000000        0xc /Users/Ricky/pebble-dev/PebbleSDK-2.0-BETA5/Pebble/lib/libpebble.a(tmpwpRC2ipebble.o)
 .text.persist_write_string
                0x0000000000000000        0xc /Users/Ricky/pebble-dev/PebbleSDK-2.0-BETA5/Pebble/lib/libpebble.a(tmpwpRC2ipebble.o)
 .text.property_animation_create
                0x0000000000000000        0xc /Users/Ricky/pebble-dev/PebbleSDK-2.0-BETA5/Pebble/lib/libpebble.a(tmpwpRC2ipebble.o)
 .text.property_animation_create_layer_frame
                0x0000000000000000        0xc /Users/Ricky/pebble-dev/PebbleSDK-2.0-BETA5/Pebble/lib/libpebble.a(tmpwpRC2ipebble.o)
 .text.property_animation_destroy
                0x0000000000000000        0xc /Users/Ricky/pebble-dev/PebbleSDK-2.0-BETA5/Pebble/lib/libpebble.a(tmpwpRC2ipebble.o)
 .text.property_animation_update_gpoint
                0x0000000000000000        0xc /Users/Ricky/pebble-dev/PebbleSDK-2.0-BETA5/Pebble/lib/libpebble.a(tmpwpRC2ipebble.o)
 .text.property_animation_update_grect
                0x0000000000000000        0xc /Users/Ricky/pebble-dev/PebbleSDK-2.0-BETA5/Pebble/lib/libpebble.a(tmpwpRC2ipebble.o)
 .text.property_animation_update_int16
                0x0000000000000000        0xc /Users/Ricky/pebble-dev/PebbleSDK-2.0-BETA5/Pebble/lib/libpebble.a(tmpwpRC2ipebble.o)
 .text.psleep   0x0000000000000000        0xc /Users/Ricky/pebble-dev/PebbleSDK-2.0-BETA5/Pebble/lib/libpebble.a(tmpwpRC2ipebble.o)
 .text.rand     0x0000000000000000        0xc /Users/Ricky/pebble-dev/PebbleSDK-2.0-BETA5/Pebble/lib/libpebble.a(tmpwpRC2ipebble.o)
 .text.resource_get_handle
                0x0000000000000000        0xc /Users/Ricky/pebble-dev/PebbleSDK-2.0-BETA5/Pebble/lib/libpebble.a(tmpwpRC2ipebble.o)
 .text.resource_load
                0x0000000000000000        0xc /Users/Ricky/pebble-dev/PebbleSDK-2.0-BETA5/Pebble/lib/libpebble.a(tmpwpRC2ipebble.o)
 .text.resource_load_byte_range
                0x0000000000000000        0xc /Users/Ricky/pebble-dev/PebbleSDK-2.0-BETA5/Pebble/lib/libpebble.a(tmpwpRC2ipebble.o)
 .text.resource_size
                0x0000000000000000        0xc /Users/Ricky/pebble-dev/PebbleSDK-2.0-BETA5/Pebble/lib/libpebble.a(tmpwpRC2ipebble.o)
 .text.rot_bitmap_layer_create
                0x0000000000000000        0xc /Users/Ricky/pebble-dev/PebbleSDK-2.0-BETA5/Pebble/lib/libpebble.a(tmpwpRC2ipebble.o)
 .text.rot_bitmap_layer_destroy
                0x0000000000000000        0xc /Users/Ricky/pebble-dev/PebbleSDK-2.0-BETA5/Pebble/lib/libpebble.a(tmpwpRC2ipebble.o)
 .text.rot_bitmap_layer_increment_angle
                0x0000000000000000        0xc /Users/Ricky/pebble-dev/PebbleSDK-2.0-BETA5/Pebble/lib/libpebble.a(tmpwpRC2ipebble.o)
 .text.rot_bitmap_layer_set_angle
                0x0000000000000000        0xc /Users/Ricky/pebble-dev/PebbleSDK-2.0-BETA5/Pebble/lib/libpebble.a(tmpwpRC2ipebble.o)
 .text.rot_bitmap_layer_set_corner_clip_color
                0x0000000000000000        0xc /Users/Ricky/pebble-dev/PebbleSDK-2.0-BETA5/Pebble/lib/libpebble.a(tmpwpRC2ipebble.o)
 .text.rot_bitmap_set_compositing_mode
                0x0000000000000000        0xc /Users/Ricky/pebble-dev/PebbleSDK-2.0-BETA5/Pebble/lib/libpebble.a(tmpwpRC2ipebble.o)
 .text.rot_bitmap_set_src_ic
                0x0000000000000000        0xc /Users/Ricky/pebble-dev/PebbleSDK-2.0-BETA5/Pebble/lib/libpebble.a(tmpwpRC2ipebble.o)
 .text.scroll_layer_add_child
                0x0000000000000000        0xc /Users/Ricky/pebble-dev/PebbleSDK-2.0-BETA5/Pebble/lib/libpebble.a(tmpwpRC2ipebble.o)
 .text.scroll_layer_create
                0x0000000000000000        0xc /Users/Ricky/pebble-dev/PebbleSDK-2.0-BETA5/Pebble/lib/libpebble.a(tmpwpRC2ipebble.o)
 .text.scroll_layer_destroy
                0x0000000000000000        0xc /Users/Ricky/pebble-dev/PebbleSDK-2.0-BETA5/Pebble/lib/libpebble.a(tmpwpRC2ipebble.o)
 .text.scroll_layer_get_content_offset
                0x0000000000000000        0xc /Users/Ricky/pebble-dev/PebbleSDK-2.0-BETA5/Pebble/lib/libpebble.a(tmpwpRC2ipebble.o)
 .text.scroll_layer_get_content_size
                0x0000000000000000        0xc /Users/Ricky/pebble-dev/PebbleSDK-2.0-BETA5/Pebble/lib/libpebble.a(tmpwpRC2ipebble.o)
 .text.scroll_layer_get_layer
                0x0000000000000000        0xc /Users/Ricky/pebble-dev/PebbleSDK-2.0-BETA5/Pebble/lib/libpebble.a(tmpwpRC2ipebble.o)
 .text.scroll_layer_get_shadow_hidden
                0x0000000000000000        0xc /Users/Ricky/pebble-dev/PebbleSDK-2.0-BETA5/Pebble/lib/libpebble.a(tmpwpRC2ipebble.o)
 .text.scroll_layer_scroll_down_click_handler
                0x0000000000000000        0xc /Users/Ricky/pebble-dev/PebbleSDK-2.0-BETA5/Pebble/lib/libpebble.a(tmpwpRC2ipebble.o)
 .text.scroll_layer_scroll_up_click_handler
                0x0000000000000000        0xc /Users/Ricky/pebble-dev/PebbleSDK-2.0-BETA5/Pebble/lib/libpebble.a(tmpwpRC2ipebble.o)
 .text.scroll_layer_set_callbacks
                0x0000000000000000        0xc /Users/Ricky/pebble-dev/PebbleSDK-2.0-BETA5/Pebble/lib/libpebble.a(tmpwpRC2ipebble.o)
 .text.scroll_layer_set_click_config_onto_window
                0x0000000000000000        0xc /Users/Ricky/pebble-dev/PebbleSDK-2.0-BETA5/Pebble/lib/libpebble.a(tmpwpRC2ipebble.o)
 .text.scroll_layer_set_content_offset
                0x0000000000000000        0xc /Users/Ricky/pebble-dev/PebbleSDK-2.0-BETA5/Pebble/lib/libpebble.a(tmpwpRC2ipebble.o)
 .text.scroll_layer_set_content_size
                0x0000000000000000        0xc /Users/Ricky/pebble-dev/PebbleSDK-2.0-BETA5/Pebble/lib/libpebble.a(tmpwpRC2ipebble.o)
 .text.scroll_layer_set_context
                0x0000000000000000        0xc /Users/Ricky/pebble-dev/PebbleSDK-2.0-BETA5/Pebble/lib/libpebble.a(tmpwpRC2ipebble.o)
 .text.scroll_layer_set_frame
                0x0000000000000000        0xc /Users/Ricky/pebble-dev/PebbleSDK-2.0-BETA5/Pebble/lib/libpebble.a(tmpwpRC2ipebble.o)
 .text.scroll_layer_set_shadow_hidden
                0x0000000000000000        0xc /Users/Ricky/pebble-dev/PebbleSDK-2.0-BETA5/Pebble/lib/libpebble.a(tmpwpRC2ipebble.o)
 .text.simple_menu_layer_create
                0x0000000000000000        0xc /Users/Ricky/pebble-dev/PebbleSDK-2.0-BETA5/Pebble/lib/libpebble.a(tmpwpRC2ipebble.o)
 .text.simple_menu_layer_destroy
                0x0000000000000000        0xc /Users/Ricky/pebble-dev/PebbleSDK-2.0-BETA5/Pebble/lib/libpebble.a(tmpwpRC2ipebble.o)
 .text.simple_menu_layer_get_layer
                0x0000000000000000        0xc /Users/Ricky/pebble-dev/PebbleSDK-2.0-BETA5/Pebble/lib/libpebble.a(tmpwpRC2ipebble.o)
 .text.simple_menu_layer_get_selected_index
                0x0000000000000000        0xc /Users/Ricky/pebble-dev/PebbleSDK-2.0-BETA5/Pebble/lib/libpebble.a(tmpwpRC2ipebble.o)
 .text.simple_menu_layer_set_selected_index
                0x0000000000000000        0xc /Users/Ricky/pebble-dev/PebbleSDK-2.0-BETA5/Pebble/lib/libpebble.a(tmpwpRC2ipebble.o)
 .text.sin_lookup
                0x0000000000000000        0xc /Users/Ricky/pebble-dev/PebbleSDK-2.0-BETA5/Pebble/lib/libpebble.a(tmpwpRC2ipebble.o)
 .text.snprintf
                0x0000000000000000        0xc /Users/Ricky/pebble-dev/PebbleSDK-2.0-BETA5/Pebble/lib/libpebble.a(tmpwpRC2ipebble.o)
 .text.srand    0x0000000000000000        0xc /Users/Ricky/pebble-dev/PebbleSDK-2.0-BETA5/Pebble/lib/libpebble.a(tmpwpRC2ipebble.o)
 .text.strcat   0x0000000000000000        0xc /Users/Ricky/pebble-dev/PebbleSDK-2.0-BETA5/Pebble/lib/libpebble.a(tmpwpRC2ipebble.o)
 .text.strcmp   0x0000000000000000        0xc /Users/Ricky/pebble-dev/PebbleSDK-2.0-BETA5/Pebble/lib/libpebble.a(tmpwpRC2ipebble.o)
 .text.strcpy   0x0000000000000000        0xc /Users/Ricky/pebble-dev/PebbleSDK-2.0-BETA5/Pebble/lib/libpebble.a(tmpwpRC2ipebble.o)
 .text.strftime
                0x0000000000000000        0xc /Users/Ricky/pebble-dev/PebbleSDK-2.0-BETA5/Pebble/lib/libpebble.a(tmpwpRC2ipebble.o)
 .text.strlen   0x0000000000000000        0xc /Users/Ricky/pebble-dev/PebbleSDK-2.0-BETA5/Pebble/lib/libpebble.a(tmpwpRC2ipebble.o)
 .text.strncat  0x0000000000000000        0xc /Users/Ricky/pebble-dev/PebbleSDK-2.0-BETA5/Pebble/lib/libpebble.a(tmpwpRC2ipebble.o)
 .text.strncmp  0x0000000000000000        0xc /Users/Ricky/pebble-dev/PebbleSDK-2.0-BETA5/Pebble/lib/libpebble.a(tmpwpRC2ipebble.o)
 .text.strncpy  0x0000000000000000        0xc /Users/Ricky/pebble-dev/PebbleSDK-2.0-BETA5/Pebble/lib/libpebble.a(tmpwpRC2ipebble.o)
 .text.text_layer_get_content_size
                0x0000000000000000        0xc /Users/Ricky/pebble-dev/PebbleSDK-2.0-BETA5/Pebble/lib/libpebble.a(tmpwpRC2ipebble.o)
 .text.text_layer_get_text
                0x0000000000000000        0xc /Users/Ricky/pebble-dev/PebbleSDK-2.0-BETA5/Pebble/lib/libpebble.a(tmpwpRC2ipebble.o)
 .text.text_layer_set_overflow_mode
                0x0000000000000000        0xc /Users/Ricky/pebble-dev/PebbleSDK-2.0-BETA5/Pebble/lib/libpebble.a(tmpwpRC2ipebble.o)
 .text.text_layer_set_size
                0x0000000000000000        0xc /Users/Ricky/pebble-dev/PebbleSDK-2.0-BETA5/Pebble/lib/libpebble.a(tmpwpRC2ipebble.o)
 .text.text_layer_set_text_alignment
                0x0000000000000000        0xc /Users/Ricky/pebble-dev/PebbleSDK-2.0-BETA5/Pebble/lib/libpebble.a(tmpwpRC2ipebble.o)
 .text.text_layer_set_text_color
                0x0000000000000000        0xc /Users/Ricky/pebble-dev/PebbleSDK-2.0-BETA5/Pebble/lib/libpebble.a(tmpwpRC2ipebble.o)
 .text.tick_timer_service_subscribe
                0x0000000000000000        0xc /Users/Ricky/pebble-dev/PebbleSDK-2.0-BETA5/Pebble/lib/libpebble.a(tmpwpRC2ipebble.o)
 .text.tick_timer_service_unsubscribe
                0x0000000000000000        0xc /Users/Ricky/pebble-dev/PebbleSDK-2.0-BETA5/Pebble/lib/libpebble.a(tmpwpRC2ipebble.o)
 .text.time     0x0000000000000000        0xc /Users/Ricky/pebble-dev/PebbleSDK-2.0-BETA5/Pebble/lib/libpebble.a(tmpwpRC2ipebble.o)
 .text.time_ms  0x0000000000000000        0xc /Users/Ricky/pebble-dev/PebbleSDK-2.0-BETA5/Pebble/lib/libpebble.a(tmpwpRC2ipebble.o)
 .text.vibes_cancel
                0x0000000000000000        0xc /Users/Ricky/pebble-dev/PebbleSDK-2.0-BETA5/Pebble/lib/libpebble.a(tmpwpRC2ipebble.o)
 .text.vibes_double_pulse
                0x0000000000000000        0xc /Users/Ricky/pebble-dev/PebbleSDK-2.0-BETA5/Pebble/lib/libpebble.a(tmpwpRC2ipebble.o)
 .text.vibes_enqueue_custom_pattern
                0x0000000000000000        0xc /Users/Ricky/pebble-dev/PebbleSDK-2.0-BETA5/Pebble/lib/libpebble.a(tmpwpRC2ipebble.o)
 .text.vibes_long_pulse
                0x0000000000000000        0xc /Users/Ricky/pebble-dev/PebbleSDK-2.0-BETA5/Pebble/lib/libpebble.a(tmpwpRC2ipebble.o)
 .text.vibes_short_pulse
                0x0000000000000000        0xc /Users/Ricky/pebble-dev/PebbleSDK-2.0-BETA5/Pebble/lib/libpebble.a(tmpwpRC2ipebble.o)
 .text.window_get_click_config_provider
                0x0000000000000000        0xc /Users/Ricky/pebble-dev/PebbleSDK-2.0-BETA5/Pebble/lib/libpebble.a(tmpwpRC2ipebble.o)
 .text.window_get_fullscreen
                0x0000000000000000        0xc /Users/Ricky/pebble-dev/PebbleSDK-2.0-BETA5/Pebble/lib/libpebble.a(tmpwpRC2ipebble.o)
 .text.window_is_loaded
                0x0000000000000000        0xc /Users/Ricky/pebble-dev/PebbleSDK-2.0-BETA5/Pebble/lib/libpebble.a(tmpwpRC2ipebble.o)
 .text.window_set_background_color
                0x0000000000000000        0xc /Users/Ricky/pebble-dev/PebbleSDK-2.0-BETA5/Pebble/lib/libpebble.a(tmpwpRC2ipebble.o)
 .text.window_set_click_config_provider_with_context
                0x0000000000000000        0xc /Users/Ricky/pebble-dev/PebbleSDK-2.0-BETA5/Pebble/lib/libpebble.a(tmpwpRC2ipebble.o)
 .text.window_set_fullscreen
                0x0000000000000000        0xc /Users/Ricky/pebble-dev/PebbleSDK-2.0-BETA5/Pebble/lib/libpebble.a(tmpwpRC2ipebble.o)
 .text.window_set_status_bar_icon
                0x0000000000000000        0xc /Users/Ricky/pebble-dev/PebbleSDK-2.0-BETA5/Pebble/lib/libpebble.a(tmpwpRC2ipebble.o)
 .text.window_stack_contains_window
                0x0000000000000000        0xc /Users/Ricky/pebble-dev/PebbleSDK-2.0-BETA5/Pebble/lib/libpebble.a(tmpwpRC2ipebble.o)
 .text.window_stack_get_top_window
                0x0000000000000000        0xc /Users/Ricky/pebble-dev/PebbleSDK-2.0-BETA5/Pebble/lib/libpebble.a(tmpwpRC2ipebble.o)
 .text.window_stack_pop
                0x0000000000000000        0xc /Users/Ricky/pebble-dev/PebbleSDK-2.0-BETA5/Pebble/lib/libpebble.a(tmpwpRC2ipebble.o)
 .text.window_stack_pop_all
                0x0000000000000000        0xc /Users/Ricky/pebble-dev/PebbleSDK-2.0-BETA5/Pebble/lib/libpebble.a(tmpwpRC2ipebble.o)
 .text.window_stack_remove
                0x0000000000000000        0xc /Users/Ricky/pebble-dev/PebbleSDK-2.0-BETA5/Pebble/lib/libpebble.a(tmpwpRC2ipebble.o)
 .text.app_focus_service_subscribe
                0x0000000000000000        0xc /Users/Ricky/pebble-dev/PebbleSDK-2.0-BETA5/Pebble/lib/libpebble.a(tmpwpRC2ipebble.o)
 .text.app_focus_service_unsubscribe
                0x0000000000000000        0xc /Users/Ricky/pebble-dev/PebbleSDK-2.0-BETA5/Pebble/lib/libpebble.a(tmpwpRC2ipebble.o)
 .text.window_get_user_data
                0x0000000000000000        0xc /Users/Ricky/pebble-dev/PebbleSDK-2.0-BETA5/Pebble/lib/libpebble.a(tmpwpRC2ipebble.o)
 .text.window_set_user_data
                0x0000000000000000        0xc /Users/Ricky/pebble-dev/PebbleSDK-2.0-BETA5/Pebble/lib/libpebble.a(tmpwpRC2ipebble.o)
 .text.app_message_get_context
                0x0000000000000000        0xc /Users/Ricky/pebble-dev/PebbleSDK-2.0-BETA5/Pebble/lib/libpebble.a(tmpwpRC2ipebble.o)
 .text.app_message_inbox_size_maximum
                0x0000000000000000        0xc /Users/Ricky/pebble-dev/PebbleSDK-2.0-BETA5/Pebble/lib/libpebble.a(tmpwpRC2ipebble.o)
 .text.app_message_outbox_begin
                0x0000000000000000        0xc /Users/Ricky/pebble-dev/PebbleSDK-2.0-BETA5/Pebble/lib/libpebble.a(tmpwpRC2ipebble.o)
 .text.app_message_outbox_send
                0x0000000000000000        0xc /Users/Ricky/pebble-dev/PebbleSDK-2.0-BETA5/Pebble/lib/libpebble.a(tmpwpRC2ipebble.o)
 .text.app_message_outbox_size_maximum
                0x0000000000000000        0xc /Users/Ricky/pebble-dev/PebbleSDK-2.0-BETA5/Pebble/lib/libpebble.a(tmpwpRC2ipebble.o)
 .text.app_message_register_inbox_dropped
                0x0000000000000000        0xc /Users/Ricky/pebble-dev/PebbleSDK-2.0-BETA5/Pebble/lib/libpebble.a(tmpwpRC2ipebble.o)
 .text.app_message_register_inbox_received
                0x0000000000000000        0xc /Users/Ricky/pebble-dev/PebbleSDK-2.0-BETA5/Pebble/lib/libpebble.a(tmpwpRC2ipebble.o)
 .text.app_message_register_outbox_failed
                0x0000000000000000        0xc /Users/Ricky/pebble-dev/PebbleSDK-2.0-BETA5/Pebble/lib/libpebble.a(tmpwpRC2ipebble.o)
 .text.app_message_register_outbox_sent
                0x0000000000000000        0xc /Users/Ricky/pebble-dev/PebbleSDK-2.0-BETA5/Pebble/lib/libpebble.a(tmpwpRC2ipebble.o)
 .text.app_message_set_context
                0x0000000000000000        0xc /Users/Ricky/pebble-dev/PebbleSDK-2.0-BETA5/Pebble/lib/libpebble.a(tmpwpRC2ipebble.o)
 .text.window_multi_click_subscribe
                0x0000000000000000        0xc /Users/Ricky/pebble-dev/PebbleSDK-2.0-BETA5/Pebble/lib/libpebble.a(tmpwpRC2ipebble.o)
 .text.window_raw_click_subscribe
                0x0000000000000000        0xc /Users/Ricky/pebble-dev/PebbleSDK-2.0-BETA5/Pebble/lib/libpebble.a(tmpwpRC2ipebble.o)
 .text.window_set_click_context
                0x0000000000000000        0xc /Users/Ricky/pebble-dev/PebbleSDK-2.0-BETA5/Pebble/lib/libpebble.a(tmpwpRC2ipebble.o)
 .text.window_single_repeating_click_subscribe
                0x0000000000000000        0xc /Users/Ricky/pebble-dev/PebbleSDK-2.0-BETA5/Pebble/lib/libpebble.a(tmpwpRC2ipebble.o)
 .text.graphics_draw_text
                0x0000000000000000        0xc /Users/Ricky/pebble-dev/PebbleSDK-2.0-BETA5/Pebble/lib/libpebble.a(tmpwpRC2ipebble.o)
 .text.dict_serialize_tuplets_to_buffer
                0x0000000000000000        0xc /Users/Ricky/pebble-dev/PebbleSDK-2.0-BETA5/Pebble/lib/libpebble.a(tmpwpRC2ipebble.o)
 .text.persist_read_data
                0x0000000000000000        0xc /Users/Ricky/pebble-dev/PebbleSDK-2.0-BETA5/Pebble/lib/libpebble.a(tmpwpRC2ipebble.o)
 .text.persist_read_string
                0x0000000000000000        0xc /Users/Ricky/pebble-dev/PebbleSDK-2.0-BETA5/Pebble/lib/libpebble.a(tmpwpRC2ipebble.o)
 .text.persist_write_data
                0x0000000000000000        0xc /Users/Ricky/pebble-dev/PebbleSDK-2.0-BETA5/Pebble/lib/libpebble.a(tmpwpRC2ipebble.o)
 .text.dict_size
                0x0000000000000000        0xc /Users/Ricky/pebble-dev/PebbleSDK-2.0-BETA5/Pebble/lib/libpebble.a(tmpwpRC2ipebble.o)
 .text.graphics_text_layout_get_content_size
                0x0000000000000000        0xc /Users/Ricky/pebble-dev/PebbleSDK-2.0-BETA5/Pebble/lib/libpebble.a(tmpwpRC2ipebble.o)
 .text.simple_menu_layer_get_menu_layer
                0x0000000000000000        0xc /Users/Ricky/pebble-dev/PebbleSDK-2.0-BETA5/Pebble/lib/libpebble.a(tmpwpRC2ipebble.o)
 .text.accel_data_service_subscribe
                0x0000000000000000        0xc /Users/Ricky/pebble-dev/PebbleSDK-2.0-BETA5/Pebble/lib/libpebble.a(tmpwpRC2ipebble.o)
 .text.calloc   0x0000000000000000        0xc /Users/Ricky/pebble-dev/PebbleSDK-2.0-BETA5/Pebble/lib/libpebble.a(tmpwpRC2ipebble.o)
 .text.bitmap_layer_get_bitmap
                0x0000000000000000        0xc /Users/Ricky/pebble-dev/PebbleSDK-2.0-BETA5/Pebble/lib/libpebble.a(tmpwpRC2ipebble.o)
 .text          0x0000000000000000        0x0 /Users/Ricky/pebble-dev/arm-cs-tools/bin/../lib/gcc/arm-none-eabi/4.7.2/thumb2/crtend.o
 .bss           0x0000000000000000        0x0 /Users/Ricky/pebble-dev/arm-cs-tools/bin/../lib/gcc/arm-none-eabi/4.7.2/thumb2/crtend.o
 .eh_frame      0x0000000000000000        0x4 /Users/Ricky/pebble-dev/arm-cs-tools/bin/../lib/gcc/arm-none-eabi/4.7.2/thumb2/crtend.o
 .jcr           0x0000000000000000        0x4 /Users/Ricky/pebble-dev/arm-cs-tools/bin/../lib/gcc/arm-none-eabi/4.7.2/thumb2/crtend.o
 .tm_clone_table
                0x0000000000000000        0x0 /Users/Ricky/pebble-dev/arm-cs-tools/bin/../lib/gcc/arm-none-eabi/4.7.2/thumb2/crtend.o
 .text          0x0000000000000000        0x0 /Users/Ricky/pebble-dev/arm-cs-tools/bin/../lib/gcc/arm-none-eabi/4.7.2/thumb2/crtn.o
 .bss           0x0000000000000000        0x0 /Users/Ricky/pebble-dev/arm-cs-tools/bin/../lib/gcc/arm-none-eabi/4.7.2/thumb2/crtn.o
 .init          0x0000000000000000        0x8 /Users/Ricky/pebble-dev/arm-cs-tools/bin/../lib/gcc/arm-none-eabi/4.7.2/thumb2/crtn.o
 .fini          0x0000000000000000        0x8 /Users/Ricky/pebble-dev/arm-cs-tools/bin/../lib/gcc/arm-none-eabi/4.7.2/thumb2/crtn.o

Memory Configuration

Name             Origin             Length             Attributes
APP              0x0000000000000000 0x0000000000006000 xrw
*default*        0x0000000000000000 0xffffffffffffffff

Linker script and memory map

LOAD /Users/Ricky/pebble-dev/arm-cs-tools/bin/../lib/gcc/arm-none-eabi/4.7.2/thumb2/crti.o
LOAD /Users/Ricky/pebble-dev/arm-cs-tools/bin/../lib/gcc/arm-none-eabi/4.7.2/thumb2/crtbegin.o
LOAD src/tertiary_text.c.7.o
LOAD appinfo.auto.c.7.o
LOAD /Users/Ricky/pebble-dev/PebbleSDK-2.0-BETA5/Pebble/lib/libpebble.a
START GROUP
LOAD /Users/Ricky/pebble-dev/arm-cs-tools/bin/../lib/gcc/arm-none-eabi/4.7.2/thumb2/libgcc.a
LOAD /Users/Ricky/pebble-dev/arm-cs-tools/bin/../lib/gcc/arm-none-eabi/4.7.2/../../../../arm-none-eabi/lib/thumb2/libc.a
END GROUP
LOAD /Users/Ricky/pebble-dev/arm-cs-tools/bin/../lib/gcc/arm-none-eabi/4.7.2/thumb2/crtend.o
LOAD /Users/Ricky/pebble-dev/arm-cs-tools/bin/../lib/gcc/arm-none-eabi/4.7.2/thumb2/crtn.o

.header         0x0000000000000000       0x82
 *(.pbl_header)
 .pbl_header    0x0000000000000000       0x82 appinfo.auto.c.7.o
                0x0000000000000000                __pbl_app_info

.text           0x0000000000000084      0x8cd
 *(.text)
 .text          0x0000000000000084       0x14 /Users/Ricky/pebble-dev/PebbleSDK-2.0-BETA5/Pebble/lib/libpebble.a(tmpwpRC2ipebble.o)
 *(.text.*)
 .text.up_long_release_handler
                0x0000000000000098        0x2 src/tertiary_text.c.7.o
 .text.select_long_release_handler
                0x000000000000009a        0x2 src/tertiary_text.c.7.o
 .text.down_long_release_handler
                0x000000000000009c        0x2 src/tertiary_text.c.7.o
 *fill*         0x000000000000009e        0x2 
 .text.window_unload
                0x00000000000000a0       0x10 src/tertiary_text.c.7.o
 .text.click_config_provider
                0x00000000000000b0       0x80 src/tertiary_text.c.7.o
 .text.drawSides
                0x0000000000000130      0x160 src/tertiary_text.c.7.o
 .text.window_load
                0x0000000000000290      0x18c src/tertiary_text.c.7.o
 .text.change_set
                0x000000000000041c       0x7c src/tertiary_text.c.7.o
 .text.clickButton
                0x0000000000000498       0xf0 src/tertiary_text.c.7.o
 .text.down_single_click_handler
                0x0000000000000588        0x6 src/tertiary_text.c.7.o
 .text.select_single_click_handler
                0x000000000000058e        0x6 src/tertiary_text.c.7.o
 .text.up_single_click_handler
                0x0000000000000594        0x6 src/tertiary_text.c.7.o
 *fill*         0x000000000000059a        0x2 
 .text.down_long_click_handler
                0x000000000000059c       0x88 src/tertiary_text.c.7.o
 .text.select_long_click_handler
                0x0000000000000624       0x48 src/tertiary_text.c.7.o
 .text.up_long_click_handler
                0x000000000000066c       0xb0 src/tertiary_text.c.7.o
 .text.startup.main
                0x000000000000071c       0xbc src/tertiary_text.c.7.o
                0x000000000000071c                main
 .text.app_event_loop
                0x00000000000007d8        0xc /Users/Ricky/pebble-dev/PebbleSDK-2.0-BETA5/Pebble/lib/libpebble.a(tmpwpRC2ipebble.o)
                0x00000000000007d8                app_event_loop
 .text.fonts_get_system_font
                0x00000000000007e4        0xc /Users/Ricky/pebble-dev/PebbleSDK-2.0-BETA5/Pebble/lib/libpebble.a(tmpwpRC2ipebble.o)
                0x00000000000007e4                fonts_get_system_font
 .text.layer_add_child
                0x00000000000007f0        0xc /Users/Ricky/pebble-dev/PebbleSDK-2.0-BETA5/Pebble/lib/libpebble.a(tmpwpRC2ipebble.o)
                0x00000000000007f0                layer_add_child
 .text.layer_get_bounds
                0x00000000000007fc        0xc /Users/Ricky/pebble-dev/PebbleSDK-2.0-BETA5/Pebble/lib/libpebble.a(tmpwpRC2ipebble.o)
                0x00000000000007fc                layer_get_bounds
 .text.memset   0x0000000000000808        0xc /Users/Ricky/pebble-dev/PebbleSDK-2.0-BETA5/Pebble/lib/libpebble.a(tmpwpRC2ipebble.o)
                0x0000000000000808                memset
 .text.text_layer_create
                0x0000000000000814        0xc /Users/Ricky/pebble-dev/PebbleSDK-2.0-BETA5/Pebble/lib/libpebble.a(tmpwpRC2ipebble.o)
                0x0000000000000814                text_layer_create
 .text.text_layer_destroy
                0x0000000000000820        0xc /Users/Ricky/pebble-dev/PebbleSDK-2.0-BETA5/Pebble/lib/libpebble.a(tmpwpRC2ipebble.o)
                0x0000000000000820                text_layer_destroy
 .text.text_layer_get_layer
                0x000000000000082c        0xc /Users/Ricky/pebble-dev/PebbleSDK-2.0-BETA5/Pebble/lib/libpebble.a(tmpwpRC2ipebble.o)
                0x000000000000082c                text_layer_get_layer
 .text.text_layer_set_background_color
                0x0000000000000838        0xc /Users/Ricky/pebble-dev/PebbleSDK-2.0-BETA5/Pebble/lib/libpebble.a(tmpwpRC2ipebble.o)
                0x0000000000000838                text_layer_set_background_color
 .text.text_layer_set_font
                0x0000000000000844        0xc /Users/Ricky/pebble-dev/PebbleSDK-2.0-BETA5/Pebble/lib/libpebble.a(tmpwpRC2ipebble.o)
                0x0000000000000844                text_layer_set_font
 .text.text_layer_set_text
                0x0000000000000850        0xc /Users/Ricky/pebble-dev/PebbleSDK-2.0-BETA5/Pebble/lib/libpebble.a(tmpwpRC2ipebble.o)
                0x0000000000000850                text_layer_set_text
 .text.window_create
                0x000000000000085c        0xc /Users/Ricky/pebble-dev/PebbleSDK-2.0-BETA5/Pebble/lib/libpebble.a(tmpwpRC2ipebble.o)
                0x000000000000085c                window_create
 .text.window_destroy
                0x0000000000000868        0xc /Users/Ricky/pebble-dev/PebbleSDK-2.0-BETA5/Pebble/lib/libpebble.a(tmpwpRC2ipebble.o)
                0x0000000000000868                window_destroy
 .text.window_get_root_layer
                0x0000000000000874        0xc /Users/Ricky/pebble-dev/PebbleSDK-2.0-BETA5/Pebble/lib/libpebble.a(tmpwpRC2ipebble.o)
                0x0000000000000874                window_get_root_layer
 .text.window_set_click_config_provider
                0x0000000000000880        0xc /Users/Ricky/pebble-dev/PebbleSDK-2.0-BETA5/Pebble/lib/libpebble.a(tmpwpRC2ipebble.o)
                0x0000000000000880                window_set_click_config_provider
 .text.window_set_window_handlers
                0x000000000000088c        0xc /Users/Ricky/pebble-dev/PebbleSDK-2.0-BETA5/Pebble/lib/libpebble.a(tmpwpRC2ipebble.o)
                0x000000000000088c                window_set_window_handlers
 .text.window_stack_push
                0x0000000000000898        0xc /Users/Ricky/pebble-dev/PebbleSDK-2.0-BETA5/Pebble/lib/libpebble.a(tmpwpRC2ipebble.o)
                0x0000000000000898                window_stack_push
 .text.window_long_click_subscribe
                0x00000000000008a4        0xc /Users/Ricky/pebble-dev/PebbleSDK-2.0-BETA5/Pebble/lib/libpebble.a(tmpwpRC2ipebble.o)
                0x00000000000008a4                window_long_click_subscribe
 .text.window_single_click_subscribe
                0x00000000000008b0        0xc /Users/Ricky/pebble-dev/PebbleSDK-2.0-BETA5/Pebble/lib/libpebble.a(tmpwpRC2ipebble.o)
                0x00000000000008b0                window_single_click_subscribe
 *(.rodata)
 .rodata        0x00000000000008bc       0x36 src/tertiary_text.c.7.o
 *(.rodata*)
 .rodata.str1.1
                0x00000000000008f2       0x5f src/tertiary_text.c.7.o

.glue_7         0x0000000000000954        0x0
 .glue_7        0x0000000000000000        0x0 linker stubs

.glue_7t        0x0000000000000954        0x0
 .glue_7t       0x0000000000000000        0x0 linker stubs

.vfp11_veneer   0x0000000000000954        0x0
 .vfp11_veneer  0x0000000000000000        0x0 linker stubs

.v4_bx          0x0000000000000954        0x0
 .v4_bx         0x0000000000000000        0x0 linker stubs

.iplt           0x0000000000000954        0x0
 .iplt          0x0000000000000000        0x0 /Users/Ricky/pebble-dev/arm-cs-tools/bin/../lib/gcc/arm-none-eabi/4.7.2/thumb2/crtbegin.o

.rel.dyn        0x0000000000000954        0x0
 .rel.iplt      0x0000000000000000        0x0 /Users/Ricky/pebble-dev/arm-cs-tools/bin/../lib/gcc/arm-none-eabi/4.7.2/thumb2/crtbegin.o

.data           0x0000000000000954       0xc0
 *(.data)
 .data          0x0000000000000954        0x0 /Users/Ricky/pebble-dev/arm-cs-tools/bin/../lib/gcc/arm-none-eabi/4.7.2/thumb2/crti.o
 .data          0x0000000000000954        0x4 /Users/Ricky/pebble-dev/arm-cs-tools/bin/../lib/gcc/arm-none-eabi/4.7.2/thumb2/crtbegin.o
                0x0000000000000954                __dso_handle
 .data          0x0000000000000958        0x0 src/tertiary_text.c.7.o
 .data          0x0000000000000958        0x0 appinfo.auto.c.7.o
 .data          0x0000000000000958        0x0 /Users/Ricky/pebble-dev/PebbleSDK-2.0-BETA5/Pebble/lib/libpebble.a(tmpwpRC2ipebble.o)
 .data          0x0000000000000958        0x0 /Users/Ricky/pebble-dev/arm-cs-tools/bin/../lib/gcc/arm-none-eabi/4.7.2/thumb2/crtend.o
 .data          0x0000000000000958        0x0 /Users/Ricky/pebble-dev/arm-cs-tools/bin/../lib/gcc/arm-none-eabi/4.7.2/thumb2/crtn.o
 *(.data.*)
 .data.rel.local.btext2
                0x0000000000000958        0xc src/tertiary_text.c.7.o
 .data.rel.local.btext1
                0x0000000000000964        0xc src/tertiary_text.c.7.o
 .data.rel.local.btext3
                0x0000000000000970        0xc src/tertiary_text.c.7.o
 .data.numsym   0x000000000000097c       0x1c src/tertiary_text.c.7.o
 .data.rel.ro.local.rotate_text
                0x0000000000000998        0xc src/tertiary_text.c.7.o
 .data.caps     0x00000000000009a4       0x1c src/tertiary_text.c.7.o
 .data.set3     0x00000000000009c0        0x4 src/tertiary_text.c.7.o
 .data.rel.ro.local.setlist
                0x00000000000009c4        0xc src/tertiary_text.c.7.o
 .data.rel.local.master
                0x00000000000009d0        0x4 src/tertiary_text.c.7.o
 .data.set1     0x00000000000009d4        0x4 src/tertiary_text.c.7.o
 .data.set2     0x00000000000009d8        0x4 src/tertiary_text.c.7.o
 .data.rel.ro.local.btexts
                0x00000000000009dc        0xc src/tertiary_text.c.7.o
 .data.rel.ro.local.cases
                0x00000000000009e8        0xc src/tertiary_text.c.7.o
 .data.letters  0x00000000000009f4       0x1c src/tertiary_text.c.7.o
 .data.cur_set  0x0000000000000a10        0x4 src/tertiary_text.c.7.o

.igot.plt       0x0000000000000a14        0x0
 .igot.plt      0x0000000000000000        0x0 /Users/Ricky/pebble-dev/arm-cs-tools/bin/../lib/gcc/arm-none-eabi/4.7.2/thumb2/crtbegin.o

.bss            0x0000000000000a14       0x90
 *(.bss)
 *(.bss.*)
 .bss.size      0x0000000000000a14        0x4 src/tertiary_text.c.7.o
 .bss.menu      0x0000000000000a18        0x1 src/tertiary_text.c.7.o
 *fill*         0x0000000000000a19        0x3 
 .bss.text_layer
                0x0000000000000a1c        0x4 src/tertiary_text.c.7.o
 .bss.bbuttons  0x0000000000000a20        0xc src/tertiary_text.c.7.o
 .bss.blackout  0x0000000000000a2c        0x1 src/tertiary_text.c.7.o
 *fill*         0x0000000000000a2d        0x3 
 .bss.buttons1  0x0000000000000a30        0xc src/tertiary_text.c.7.o
 .bss.buttons2  0x0000000000000a3c        0xc src/tertiary_text.c.7.o
 .bss.buttons3  0x0000000000000a48        0xc src/tertiary_text.c.7.o
 .bss.wordsYouWrite
                0x0000000000000a54        0x4 src/tertiary_text.c.7.o
 .bss.text_buffer
                0x0000000000000a58       0x3c src/tertiary_text.c.7.o
 .bss.pos       0x0000000000000a94        0x4 src/tertiary_text.c.7.o
 .bss.window    0x0000000000000a98        0x4 src/tertiary_text.c.7.o
 .bss.end       0x0000000000000a9c        0x4 src/tertiary_text.c.7.o
 .bss.top       0x0000000000000aa0        0x4 src/tertiary_text.c.7.o

DISCARD
 libc.a(*)
 libm.a(*)
 libgcc.a(*)
 *(.eh_frame)
OUTPUT(/Users/Ricky/pebble/tertiary_text/build/pebble-app.elf elf32-littlearm)

.ARM.attributes
                0x0000000000000000       0x27
 .ARM.attributes
                0x0000000000000000       0x19 /Users/Ricky/pebble-dev/arm-cs-tools/bin/../lib/gcc/arm-none-eabi/4.7.2/thumb2/crti.o
 .ARM.attributes
                0x0000000000000019       0x29 /Users/Ricky/pebble-dev/arm-cs-tools/bin/../lib/gcc/arm-none-eabi/4.7.2/thumb2/crtbegin.o
 .ARM.attributes
                0x0000000000000042       0x33 src/tertiary_text.c.7.o
 .ARM.attributes
                0x0000000000000075       0x33 appinfo.auto.c.7.o
 .ARM.attributes
                0x00000000000000a8       0x21 /Users/Ricky/pebble-dev/PebbleSDK-2.0-BETA5/Pebble/lib/libpebble.a(tmpwpRC2ipebble.o)
 .ARM.attributes
                0x00000000000000c9       0x29 /Users/Ricky/pebble-dev/arm-cs-tools/bin/../lib/gcc/arm-none-eabi/4.7.2/thumb2/crtend.o
 .ARM.attributes
                0x00000000000000f2       0x19 /Users/Ricky/pebble-dev/arm-cs-tools/bin/../lib/gcc/arm-none-eabi/4.7.2/thumb2/crtn.o

.comment        0x0000000000000000       0x4e
 .comment       0x0000000000000000       0x4e /Users/Ricky/pebble-dev/arm-cs-tools/bin/../lib/gcc/arm-none-eabi/4.7.2/thumb2/crtbegin.o
                                         0x4f (size before relaxing)
 .comment       0x0000000000000000       0x4f src/tertiary_text.c.7.o
 .comment       0x0000000000000000       0x4f appinfo.auto.c.7.o
 .comment       0x0000000000000000       0x4f /Users/Ricky/pebble-dev/arm-cs-tools/bin/../lib/gcc/arm-none-eabi/4.7.2/thumb2/crtend.o

.debug_info     0x0000000000000000     0x14c5
 .debug_info    0x0000000000000000     0x1199 src/tertiary_text.c.7.o
 .debug_info    0x0000000000001199      0x32c appinfo.auto.c.7.o

.debug_abbrev   0x0000000000000000      0x530
 .debug_abbrev  0x0000000000000000      0x47c src/tertiary_text.c.7.o
 .debug_abbrev  0x000000000000047c       0xb4 appinfo.auto.c.7.o

.debug_loc      0x0000000000000000      0x5af
 .debug_loc     0x0000000000000000      0x5af src/tertiary_text.c.7.o

.debug_aranges  0x0000000000000000       0xb0
 .debug_aranges
                0x0000000000000000       0x98 src/tertiary_text.c.7.o
 .debug_aranges
                0x0000000000000098       0x18 appinfo.auto.c.7.o

.debug_ranges   0x0000000000000000      0x2c8
 .debug_ranges  0x0000000000000000      0x2c8 src/tertiary_text.c.7.o

.debug_line     0x0000000000000000      0x4c5
 .debug_line    0x0000000000000000      0x3b5 src/tertiary_text.c.7.o
 .debug_line    0x00000000000003b5      0x110 appinfo.auto.c.7.o

.debug_str      0x0000000000000000      0x73d
 .debug_str     0x0000000000000000      0x5b6 src/tertiary_text.c.7.o
                                        0x645 (size before relaxing)
 .debug_str     0x00000000000005b6      0x187 appinfo.auto.c.7.o
                                        0x282 (size before relaxing)

.debug_frame    0x0000000000000000      0x18c
 .debug_frame   0x0000000000000000      0x18c src/tertiary_text.c.7.o
