Archive member included because of file (symbol)

/Users/Ricky/Pebble/tertiary_text/lib/libpebble.a(tmpE96Sgtpebble_os.o)
                              src/tertiary_text.c.1.o (app_event_loop)
/Users/Ricky/pebble-dev/arm-cs-tools/bin/../lib/gcc/arm-none-eabi/4.6.3/../../../../arm-none-eabi/lib/thumb2/libc.a(lib_a-memset.o)
                              src/tertiary_text.c.1.o (memset)

Allocating common symbols
Common symbol       size              file

buttons2            0xa8              src/tertiary_text.c.1.o
wordsYouWrite       0x38              src/tertiary_text.c.1.o
text_buffer         0x28              src/tertiary_text.c.1.o
top                 0x4               src/tertiary_text.c.1.o
textLayer           0x38              src/tertiary_text.c.1.o
end                 0x4               src/tertiary_text.c.1.o
buttons3            0xa8              src/tertiary_text.c.1.o
size                0x4               src/tertiary_text.c.1.o
buttons1            0xa8              src/tertiary_text.c.1.o
window              0x58              src/tertiary_text.c.1.o

Memory Configuration

Name             Origin             Length             Attributes
APP              0x0000000000000000 0x0000000000006000 xrw
*default*        0x0000000000000000 0xffffffffffffffff

Linker script and memory map

LOAD /Users/Ricky/pebble-dev/arm-cs-tools/bin/../lib/gcc/arm-none-eabi/4.6.3/thumb2/crti.o
LOAD /Users/Ricky/pebble-dev/arm-cs-tools/bin/../lib/gcc/arm-none-eabi/4.6.3/thumb2/crtbegin.o
LOAD src/tertiary_text.c.1.o
LOAD /Users/Ricky/Pebble/tertiary_text/lib/libpebble.a
START GROUP
LOAD /Users/Ricky/pebble-dev/arm-cs-tools/bin/../lib/gcc/arm-none-eabi/4.6.3/thumb2/libgcc.a
LOAD /Users/Ricky/pebble-dev/arm-cs-tools/bin/../lib/gcc/arm-none-eabi/4.6.3/../../../../arm-none-eabi/lib/thumb2/libc.a
END GROUP
LOAD /Users/Ricky/pebble-dev/arm-cs-tools/bin/../lib/gcc/arm-none-eabi/4.6.3/thumb2/crtend.o
LOAD /Users/Ricky/pebble-dev/arm-cs-tools/bin/../lib/gcc/arm-none-eabi/4.6.3/thumb2/crtn.o

.header         0x0000000000000000       0x7c
 *(.pbl_header)
 .pbl_header    0x0000000000000000       0x7c src/tertiary_text.c.1.o
                0x0000000000000000                __pbl_app_info

.text           0x000000000000007c     0x18d8
 *(.text)
 .text          0x000000000000007c        0x0 /Users/Ricky/pebble-dev/arm-cs-tools/bin/../lib/gcc/arm-none-eabi/4.6.3/thumb2/crti.o
 .text          0x000000000000007c       0x68 /Users/Ricky/pebble-dev/arm-cs-tools/bin/../lib/gcc/arm-none-eabi/4.6.3/thumb2/crtbegin.o
 .text          0x00000000000000e4      0xce4 src/tertiary_text.c.1.o
                0x00000000000000e4                change_set
                0x00000000000001b8                next
                0x00000000000001f4                up_long_release_handler
                0x0000000000000208                select_long_release_handler
                0x000000000000021c                down_long_release_handler
                0x0000000000000230                clickButton
                0x0000000000000390                up_single_click_handler
                0x00000000000003ac                select_single_click_handler
                0x00000000000003c8                down_single_click_handler
                0x00000000000003e4                common_long
                0x0000000000000418                up_long_click_handler
                0x0000000000000440                select_long_click_handler
                0x00000000000004b8                down_long_click_handler
                0x0000000000000564                set_menu
                0x0000000000000590                click_config_provider
                0x0000000000000670                drawMenu
                0x00000000000007a0                drawSides
                0x0000000000000adc                initSidesAndText
                0x0000000000000cc4                handle_init
                0x0000000000000d80                pbl_main
 .text          0x0000000000000dc8      0xb8c /Users/Ricky/Pebble/tertiary_text/lib/libpebble.a(tmpE96Sgtpebble_os.o)
                0x0000000000000dc8                animation_init
                0x0000000000000dd4                animation_set_delay
                0x0000000000000de0                animation_set_duration
                0x0000000000000dec                animation_set_curve
                0x0000000000000df8                animation_set_handlers
                0x0000000000000e04                animation_set_implementation
                0x0000000000000e10                animation_get_context
                0x0000000000000e1c                animation_schedule
                0x0000000000000e28                animation_unschedule
                0x0000000000000e34                animation_unschedule_all
                0x0000000000000e40                animation_is_scheduled
                0x0000000000000e4c                app_timer_send_event
                0x0000000000000e58                app_timer_cancel_event
                0x0000000000000e64                app_event_loop
                0x0000000000000e70                bmp_init_container
                0x0000000000000e7c                bmp_deinit_container
                0x0000000000000e88                cos_lookup
                0x0000000000000e94                fonts_get_system_font
                0x0000000000000ea0                fonts_load_custom_font
                0x0000000000000eac                fonts_unload_custom_font
                0x0000000000000eb8                graphics_context_set_stroke_color
                0x0000000000000ec4                graphics_context_set_fill_color
                0x0000000000000ed0                graphics_context_set_text_color
                0x0000000000000edc                graphics_context_set_compositing_mode
                0x0000000000000ee8                graphics_draw_pixel
                0x0000000000000ef4                graphics_draw_line
                0x0000000000000f00                graphics_fill_rect
                0x0000000000000f0c                graphics_draw_circle
                0x0000000000000f18                graphics_fill_circle
                0x0000000000000f24                graphics_draw_round_rect
                0x0000000000000f30                get_time
                0x0000000000000f3c                gpath_init
                0x0000000000000f48                gpath_move_to
                0x0000000000000f54                gpath_rotate_to
                0x0000000000000f60                gpath_draw_outline
                0x0000000000000f6c                gpath_draw_filled
                0x0000000000000f78                grect_center_point
                0x0000000000000f84                layer_mark_dirty
                0x0000000000000f90                layer_remove_from_parent
                0x0000000000000f9c                layer_add_child
                0x0000000000000fa8                layer_get_frame
                0x0000000000000fb4                layer_set_frame
                0x0000000000000fc0                layer_set_hidden
                0x0000000000000fcc                layer_init
                0x0000000000000fd8                light_enable
                0x0000000000000fe4                light_enable_interaction
                0x0000000000000ff0                psleep
                0x0000000000000ffc                resource_init_current_app
                0x0000000000001008                resource_get_handle
                0x0000000000001014                resource_load
                0x0000000000001020                resource_load_byte_range
                0x000000000000102c                resource_size
                0x0000000000001038                rotbmp_deinit_container
                0x0000000000001044                rotbmp_init_container
                0x0000000000001050                rotbmp_pair_deinit_container
                0x000000000000105c                rotbmp_pair_init_container
                0x0000000000001068                rotbmp_pair_layer_set_src_ic
                0x0000000000001074                rotbmp_pair_layer_set_angle
                0x0000000000001080                window_init
                0x000000000000108c                window_stack_push
                0x0000000000001098                window_set_click_config_provider
                0x00000000000010a4                window_set_background_color
                0x00000000000010b0                window_render
                0x00000000000010bc                window_set_fullscreen
                0x00000000000010c8                sin_lookup
                0x00000000000010d4                string_format_time
                0x00000000000010e0                text_layer_init
                0x00000000000010ec                text_layer_get_text
                0x00000000000010f8                text_layer_set_text
                0x0000000000001104                text_layer_set_font
                0x0000000000001110                text_layer_set_text_color
                0x000000000000111c                text_layer_set_background_color
                0x0000000000001128                vibes_double_pulse
                0x0000000000001134                vibes_enqueue_custom_pattern
                0x0000000000001140                vibes_long_pulse
                0x000000000000114c                vibes_short_pulse
                0x0000000000001158                app_get_current_graphics_context
                0x0000000000001164                clock_is_24h_style
                0x0000000000001170                property_animation_init_layer_frame
                0x000000000000117c                text_layer_set_text_alignment
                0x0000000000001188                graphics_draw_bitmap_in_rect
                0x0000000000001194                graphics_text_draw
                0x00000000000011a0                layer_set_bounds
                0x00000000000011ac                layer_get_bounds
                0x00000000000011b8                layer_set_update_proc
                0x00000000000011c4                layer_get_window
                0x00000000000011d0                layer_remove_child_layers
                0x00000000000011dc                layer_insert_below_sibling
                0x00000000000011e8                layer_insert_above_sibling
                0x00000000000011f4                layer_get_hidden
                0x0000000000001200                layer_set_clips
                0x000000000000120c                layer_get_clips
                0x0000000000001218                text_layer_get_max_used_size
                0x0000000000001224                text_layer_set_size
                0x0000000000001230                text_layer_set_overflow_mode
                0x000000000000123c                graphics_text_layout_get_max_used_size
                0x0000000000001248                inverter_layer_init
                0x0000000000001254                bitmap_layer_init
                0x0000000000001260                bitmap_layer_set_bitmap
                0x000000000000126c                bitmap_layer_set_alignment
                0x0000000000001278                bitmap_layer_set_background_color
                0x0000000000001284                bitmap_layer_set_compositing_mode
                0x0000000000001290                heap_bitmap_init
                0x000000000000129c                heap_bitmap_deinit
                0x00000000000012a8                click_recognizer_get_button_id
                0x00000000000012b4                click_number_of_clicks_counted
                0x00000000000012c0                menu_cell_basic_draw
                0x00000000000012cc                menu_cell_title_draw
                0x00000000000012d8                menu_cell_basic_header_draw
                0x00000000000012e4                menu_layer_init
                0x00000000000012f0                menu_layer_get_layer
                0x00000000000012fc                menu_layer_set_callbacks
                0x0000000000001308                menu_layer_set_click_config_onto_window
                0x0000000000001314                menu_layer_set_selected_next
                0x0000000000001320                menu_layer_set_selected_index
                0x000000000000132c                menu_layer_reload_data
                0x0000000000001338                menu_index_compare
                0x0000000000001344                scroll_layer_init
                0x0000000000001350                scroll_layer_add_child
                0x000000000000135c                scroll_layer_set_click_config_onto_window
                0x0000000000001368                scroll_layer_set_callbacks
                0x0000000000001374                scroll_layer_set_context
                0x0000000000001380                scroll_layer_set_content_offset
                0x000000000000138c                scroll_layer_get_content_offset
                0x0000000000001398                scroll_layer_set_content_size
                0x00000000000013a4                scroll_layer_get_content_size
                0x00000000000013b0                scroll_layer_set_frame
                0x00000000000013bc                scroll_layer_scroll_up_click_handler
                0x00000000000013c8                scroll_layer_scroll_down_click_handler
                0x00000000000013d4                simple_menu_layer_init
                0x00000000000013e0                simple_menu_layer_get_layer
                0x00000000000013ec                simple_menu_layer_get_selected_index
                0x00000000000013f8                simple_menu_layer_set_selected_index
                0x0000000000001404                window_deinit
                0x0000000000001410                window_set_click_config_provider_with_context
                0x000000000000141c                window_get_click_config_provider
                0x0000000000001428                window_set_window_handlers
                0x0000000000001434                window_get_root_layer
                0x0000000000001440                window_get_fullscreen
                0x000000000000144c                window_set_status_bar_icon
                0x0000000000001458                window_is_loaded
                0x0000000000001464                window_stack_pop
                0x0000000000001470                window_stack_pop_all
                0x000000000000147c                window_stack_contains_window
                0x0000000000001484                window_stack_get_top_window
                0x000000000000148c                window_stack_remove
                0x0000000000001494                property_animation_init
                0x000000000000149c                property_animation_update_int16
                0x00000000000014a4                property_animation_update_gpoint
                0x00000000000014ac                property_animation_update_grect
                0x00000000000014b4                app_message_register_callbacks
                0x00000000000014bc                app_message_deregister_callbacks
                0x00000000000014c4                app_message_out_get
                0x00000000000014cc                app_message_out_send
                0x00000000000014d4                app_message_out_release
                0x00000000000014dc                app_sync_init
                0x00000000000014e4                app_sync_deinit
                0x00000000000014ec                app_sync_set
                0x00000000000014f4                app_sync_get
                0x00000000000014fc                dict_calc_buffer_size
                0x0000000000001504                dict_write_begin
                0x000000000000150c                dict_write_data
                0x0000000000001514                dict_write_cstring
                0x000000000000151c                dict_write_int
                0x0000000000001524                dict_write_uint8
                0x000000000000152c                dict_write_uint16
                0x0000000000001534                dict_write_uint32
                0x000000000000153c                dict_write_int8
                0x0000000000001544                dict_write_int16
                0x000000000000154c                dict_write_int32
                0x0000000000001554                dict_write_end
                0x000000000000155c                dict_read_begin_from_buffer
                0x0000000000001564                dict_read_next
                0x000000000000156c                dict_read_first
                0x0000000000001574                dict_serialize_tuplets
                0x000000000000157c                dict_serialize_tuplets_to_buffer
                0x0000000000001584                dict_serialize_tuplets_to_buffer_with_iter
                0x000000000000158c                dict_write_tuplet
                0x0000000000001594                dict_calc_buffer_size_from_tuplets
                0x000000000000159c                dict_merge
                0x00000000000015a4                dict_find
                0x00000000000015ac                action_bar_layer_init
                0x00000000000015b4                action_bar_layer_set_context
                0x00000000000015bc                action_bar_layer_set_click_config_provider
                0x00000000000015c4                action_bar_layer_set_icon
                0x00000000000015cc                action_bar_layer_clear_icon
                0x00000000000015d4                action_bar_layer_add_to_window
                0x00000000000015dc                action_bar_layer_remove_from_window
                0x00000000000015e4                action_bar_layer_set_background_color
                0x00000000000015ec                number_window_init
                0x00000000000015f4                number_window_set_label
                0x00000000000015fc                number_window_set_max
                0x0000000000001604                number_window_set_min
                0x000000000000160c                number_window_set_value
                0x0000000000001614                number_window_set_step_size
                0x000000000000161c                number_window_get_value
                0x0000000000001624                clock_copy_time_string
 .text          0x0000000000001954        0x0 /Users/Ricky/pebble-dev/arm-cs-tools/bin/../lib/gcc/arm-none-eabi/4.6.3/../../../../arm-none-eabi/lib/thumb2/libc.a(lib_a-memset.o)
 .text          0x0000000000001954        0x0 /Users/Ricky/pebble-dev/arm-cs-tools/bin/../lib/gcc/arm-none-eabi/4.6.3/thumb2/crtend.o
 .text          0x0000000000001954        0x0 /Users/Ricky/pebble-dev/arm-cs-tools/bin/../lib/gcc/arm-none-eabi/4.6.3/thumb2/crtn.o

.glue_7         0x0000000000001954        0x0
 .glue_7        0x0000000000000000        0x0 linker stubs

.glue_7t        0x0000000000001954        0x0
 .glue_7t       0x0000000000000000        0x0 linker stubs

.vfp11_veneer   0x0000000000001954        0x0
 .vfp11_veneer  0x0000000000000000        0x0 linker stubs

.v4_bx          0x0000000000001954        0x0
 .v4_bx         0x0000000000000000        0x0 linker stubs

.init           0x0000000000001954        0xc
 .init          0x0000000000001954        0x4 /Users/Ricky/pebble-dev/arm-cs-tools/bin/../lib/gcc/arm-none-eabi/4.6.3/thumb2/crti.o
                0x0000000000001954                _init
 .init          0x0000000000001958        0x8 /Users/Ricky/pebble-dev/arm-cs-tools/bin/../lib/gcc/arm-none-eabi/4.6.3/thumb2/crtn.o

.fini           0x0000000000001960        0xc
 .fini          0x0000000000001960        0x4 /Users/Ricky/pebble-dev/arm-cs-tools/bin/../lib/gcc/arm-none-eabi/4.6.3/thumb2/crti.o
                0x0000000000001960                _fini
 .fini          0x0000000000001964        0x8 /Users/Ricky/pebble-dev/arm-cs-tools/bin/../lib/gcc/arm-none-eabi/4.6.3/thumb2/crtn.o

.iplt           0x000000000000196c        0x0
 .iplt          0x0000000000000000        0x0 /Users/Ricky/pebble-dev/arm-cs-tools/bin/../lib/gcc/arm-none-eabi/4.6.3/thumb2/crti.o

.text.memset    0x000000000000196c       0x10
 .text.memset   0x000000000000196c       0x10 /Users/Ricky/pebble-dev/arm-cs-tools/bin/../lib/gcc/arm-none-eabi/4.6.3/../../../../arm-none-eabi/lib/thumb2/libc.a(lib_a-memset.o)
                0x000000000000196c                memset

.data           0x000000000000197c       0x68
 *(.data)
 .data          0x000000000000197c        0x0 /Users/Ricky/pebble-dev/arm-cs-tools/bin/../lib/gcc/arm-none-eabi/4.6.3/thumb2/crti.o
 .data          0x000000000000197c        0x4 /Users/Ricky/pebble-dev/arm-cs-tools/bin/../lib/gcc/arm-none-eabi/4.6.3/thumb2/crtbegin.o
                0x000000000000197c                __dso_handle
 .data          0x0000000000001980       0x64 src/tertiary_text.c.1.o
                0x0000000000001980                caps
                0x000000000000199c                letters
                0x00000000000019b8                numsym
                0x00000000000019d4                set1
                0x00000000000019d8                set2
                0x00000000000019dc                set3
                0x00000000000019e0                cur_set
 .data          0x00000000000019e4        0x0 /Users/Ricky/Pebble/tertiary_text/lib/libpebble.a(tmpE96Sgtpebble_os.o)
 .data          0x00000000000019e4        0x0 /Users/Ricky/pebble-dev/arm-cs-tools/bin/../lib/gcc/arm-none-eabi/4.6.3/../../../../arm-none-eabi/lib/thumb2/libc.a(lib_a-memset.o)
 .data          0x00000000000019e4        0x0 /Users/Ricky/pebble-dev/arm-cs-tools/bin/../lib/gcc/arm-none-eabi/4.6.3/thumb2/crtend.o
 .data          0x00000000000019e4        0x0 /Users/Ricky/pebble-dev/arm-cs-tools/bin/../lib/gcc/arm-none-eabi/4.6.3/thumb2/crtn.o

.igot.plt       0x00000000000019e4        0x0
 .igot.plt      0x0000000000000000        0x0 /Users/Ricky/pebble-dev/arm-cs-tools/bin/../lib/gcc/arm-none-eabi/4.6.3/thumb2/crti.o

.got            0x00000000000019e4       0x28
 .got           0x00000000000019e4       0x28 /Users/Ricky/pebble-dev/arm-cs-tools/bin/../lib/gcc/arm-none-eabi/4.6.3/thumb2/crti.o

.got.plt        0x0000000000001a0c        0xc
 .got.plt       0x0000000000001a0c        0xc /Users/Ricky/pebble-dev/arm-cs-tools/bin/../lib/gcc/arm-none-eabi/4.6.3/thumb2/crti.o
                0x0000000000001a0c                _GLOBAL_OFFSET_TABLE_

.init_array     0x0000000000001a18        0x4
 .init_array    0x0000000000001a18        0x4 /Users/Ricky/pebble-dev/arm-cs-tools/bin/../lib/gcc/arm-none-eabi/4.6.3/thumb2/crtbegin.o

.fini_array     0x0000000000001a1c        0x4
 .fini_array    0x0000000000001a1c        0x4 /Users/Ricky/pebble-dev/arm-cs-tools/bin/../lib/gcc/arm-none-eabi/4.6.3/thumb2/crtbegin.o

.jcr            0x0000000000001a20        0x4
 .jcr           0x0000000000001a20        0x0 /Users/Ricky/pebble-dev/arm-cs-tools/bin/../lib/gcc/arm-none-eabi/4.6.3/thumb2/crtbegin.o
 .jcr           0x0000000000001a20        0x4 /Users/Ricky/pebble-dev/arm-cs-tools/bin/../lib/gcc/arm-none-eabi/4.6.3/thumb2/crtend.o

.data.rel       0x0000000000001a24       0x28
 .data.rel      0x0000000000001a24       0x28 src/tertiary_text.c.1.o
                0x0000000000001a24                bbuttons
                0x0000000000001a30                btexts
                0x0000000000001a3c                rotate_text
                0x0000000000001a48                master

.data.rel.local
                0x0000000000001a4c       0x24
 .data.rel.local
                0x0000000000001a4c       0x24 src/tertiary_text.c.1.o
                0x0000000000001a4c                btext1
                0x0000000000001a58                btext2
                0x0000000000001a64                btext3

.bss            0x0000000000001a70      0x318
 *(.bss)
 .bss           0x0000000000001a70        0x0 /Users/Ricky/pebble-dev/arm-cs-tools/bin/../lib/gcc/arm-none-eabi/4.6.3/thumb2/crti.o
 .bss           0x0000000000001a70       0x1c /Users/Ricky/pebble-dev/arm-cs-tools/bin/../lib/gcc/arm-none-eabi/4.6.3/thumb2/crtbegin.o
 .bss           0x0000000000001a8c        0x8 src/tertiary_text.c.1.o
                0x0000000000001a8c                menu
                0x0000000000001a8d                blackout
                0x0000000000001a90                pos
 .bss           0x0000000000001a94        0x0 /Users/Ricky/Pebble/tertiary_text/lib/libpebble.a(tmpE96Sgtpebble_os.o)
 .bss           0x0000000000001a94        0x0 /Users/Ricky/pebble-dev/arm-cs-tools/bin/../lib/gcc/arm-none-eabi/4.6.3/../../../../arm-none-eabi/lib/thumb2/libc.a(lib_a-memset.o)
 .bss           0x0000000000001a94        0x0 /Users/Ricky/pebble-dev/arm-cs-tools/bin/../lib/gcc/arm-none-eabi/4.6.3/thumb2/crtend.o
 .bss           0x0000000000001a94        0x0 /Users/Ricky/pebble-dev/arm-cs-tools/bin/../lib/gcc/arm-none-eabi/4.6.3/thumb2/crtn.o
 COMMON         0x0000000000001a94      0x2f4 src/tertiary_text.c.1.o
                0x0000000000001a94                buttons2
                0x0000000000001b3c                wordsYouWrite
                0x0000000000001b74                text_buffer
                0x0000000000001b9c                top
                0x0000000000001ba0                textLayer
                0x0000000000001bd8                end
                0x0000000000001bdc                buttons3
                0x0000000000001c84                size
                0x0000000000001c88                buttons1
                0x0000000000001d30                window

DISCARD         0x0000000000001d88        0x4
 libc.a(*)
 libm.a(*)
 libgcc.a(*)
 *(.eh_frame)
 .eh_frame      0x0000000000001d88        0x0 /Users/Ricky/pebble-dev/arm-cs-tools/bin/../lib/gcc/arm-none-eabi/4.6.3/thumb2/crtbegin.o
 .eh_frame      0x0000000000001d88        0x4 /Users/Ricky/pebble-dev/arm-cs-tools/bin/../lib/gcc/arm-none-eabi/4.6.3/thumb2/crtend.o
OUTPUT(/Users/Ricky/Pebble/tertiary_text/build/pebble-app.elf elf32-littlearm)

.rodata         0x0000000000001d8c       0xc0
 .rodata        0x0000000000001d8c       0xc0 src/tertiary_text.c.1.o

.rel.dyn        0x0000000000001e4c        0x0
 .rel.iplt      0x0000000000000000        0x0 /Users/Ricky/pebble-dev/arm-cs-tools/bin/../lib/gcc/arm-none-eabi/4.6.3/thumb2/crti.o
 .rel.got       0x0000000000000000        0x0 /Users/Ricky/pebble-dev/arm-cs-tools/bin/../lib/gcc/arm-none-eabi/4.6.3/thumb2/crti.o

.ARM.attributes
                0x0000000000000000       0x27
 .ARM.attributes
                0x0000000000000000       0x1b /Users/Ricky/pebble-dev/arm-cs-tools/bin/../lib/gcc/arm-none-eabi/4.6.3/thumb2/crti.o
 .ARM.attributes
                0x000000000000001b       0x2b /Users/Ricky/pebble-dev/arm-cs-tools/bin/../lib/gcc/arm-none-eabi/4.6.3/thumb2/crtbegin.o
 .ARM.attributes
                0x0000000000000046       0x33 src/tertiary_text.c.1.o
 .ARM.attributes
                0x0000000000000079       0x21 /Users/Ricky/Pebble/tertiary_text/lib/libpebble.a(tmpE96Sgtpebble_os.o)
 .ARM.attributes
                0x000000000000009a       0x2b /Users/Ricky/pebble-dev/arm-cs-tools/bin/../lib/gcc/arm-none-eabi/4.6.3/../../../../arm-none-eabi/lib/thumb2/libc.a(lib_a-memset.o)
 .ARM.attributes
                0x00000000000000c5       0x2b /Users/Ricky/pebble-dev/arm-cs-tools/bin/../lib/gcc/arm-none-eabi/4.6.3/thumb2/crtend.o
 .ARM.attributes
                0x00000000000000f0       0x1b /Users/Ricky/pebble-dev/arm-cs-tools/bin/../lib/gcc/arm-none-eabi/4.6.3/thumb2/crtn.o

.comment        0x0000000000000000       0x4e
 .comment       0x0000000000000000       0x4e /Users/Ricky/pebble-dev/arm-cs-tools/bin/../lib/gcc/arm-none-eabi/4.6.3/thumb2/crtbegin.o
                                         0x4f (size before relaxing)
 .comment       0x0000000000000000       0x4f src/tertiary_text.c.1.o
 .comment       0x0000000000000000       0x4f /Users/Ricky/pebble-dev/arm-cs-tools/bin/../lib/gcc/arm-none-eabi/4.6.3/../../../../arm-none-eabi/lib/thumb2/libc.a(lib_a-memset.o)
 .comment       0x0000000000000000       0x4f /Users/Ricky/pebble-dev/arm-cs-tools/bin/../lib/gcc/arm-none-eabi/4.6.3/thumb2/crtend.o

.debug_line     0x0000000000000000      0x38f
 .debug_line    0x0000000000000000       0x71 /Users/Ricky/pebble-dev/arm-cs-tools/bin/../lib/gcc/arm-none-eabi/4.6.3/thumb2/crti.o
 .debug_line    0x0000000000000071      0x2a9 src/tertiary_text.c.1.o
 .debug_line    0x000000000000031a       0x75 /Users/Ricky/pebble-dev/arm-cs-tools/bin/../lib/gcc/arm-none-eabi/4.6.3/thumb2/crtn.o

.debug_info     0x0000000000000000     0x1916
 .debug_info    0x0000000000000000       0xb2 /Users/Ricky/pebble-dev/arm-cs-tools/bin/../lib/gcc/arm-none-eabi/4.6.3/thumb2/crti.o
 .debug_info    0x00000000000000b2     0x17b2 src/tertiary_text.c.1.o
 .debug_info    0x0000000000001864       0xb2 /Users/Ricky/pebble-dev/arm-cs-tools/bin/../lib/gcc/arm-none-eabi/4.6.3/thumb2/crtn.o

.debug_abbrev   0x0000000000000000      0x2bd
 .debug_abbrev  0x0000000000000000       0x12 /Users/Ricky/pebble-dev/arm-cs-tools/bin/../lib/gcc/arm-none-eabi/4.6.3/thumb2/crti.o
 .debug_abbrev  0x0000000000000012      0x299 src/tertiary_text.c.1.o
 .debug_abbrev  0x00000000000002ab       0x12 /Users/Ricky/pebble-dev/arm-cs-tools/bin/../lib/gcc/arm-none-eabi/4.6.3/thumb2/crtn.o

.debug_aranges  0x0000000000000000       0x70
 .debug_aranges
                0x0000000000000000       0x28 /Users/Ricky/pebble-dev/arm-cs-tools/bin/../lib/gcc/arm-none-eabi/4.6.3/thumb2/crti.o
 .debug_aranges
                0x0000000000000028       0x20 src/tertiary_text.c.1.o
 .debug_aranges
                0x0000000000000048       0x28 /Users/Ricky/pebble-dev/arm-cs-tools/bin/../lib/gcc/arm-none-eabi/4.6.3/thumb2/crtn.o

.debug_ranges   0x0000000000000000       0x40
 .debug_ranges  0x0000000000000000       0x20 /Users/Ricky/pebble-dev/arm-cs-tools/bin/../lib/gcc/arm-none-eabi/4.6.3/thumb2/crti.o
 .debug_ranges  0x0000000000000020       0x20 /Users/Ricky/pebble-dev/arm-cs-tools/bin/../lib/gcc/arm-none-eabi/4.6.3/thumb2/crtn.o

.debug_loc      0x0000000000000000      0x440
 .debug_loc     0x0000000000000000      0x440 src/tertiary_text.c.1.o

.debug_str      0x0000000000000000      0xd10
 .debug_str     0x0000000000000000      0xd10 src/tertiary_text.c.1.o
                                        0xdf8 (size before relaxing)

.debug_frame    0x0000000000000000      0x274
 .debug_frame   0x0000000000000000      0x274 src/tertiary_text.c.1.o
